16:58:26 **** Incremental Build of configuration Debug for project B-L475E-IOT01 ****
Info: Internal Builder is used for build
arm-atollic-eabi-gcc -c ..\..\..\Src\main.c -mthumb -mcpu=cortex-m4 -mfloat-abi=hard -mfpu=fpv4-sp-d16 -std=gnu11 -DSTM32L475xx -DUSE_HAL_DRIVER -DUSE_STM32L475E_IOT01 -I../../../Inc -IC:\Users\Tawan\Desktop\New folder\STM32Cube_FW_L4_V1.13.0\Projects\B-L475E-IOT01A\Applications\Proximity\SW4STM32\B-L475E-IOT01\Drivers\BSP\Components -I../../../Src/vl53l0x -I../../../../../../../Drivers/CMSIS/Device/ST/STM32L4xx/Include -I../../../../../../../Drivers/STM32L4xx_HAL_Driver/Inc -I../../../../../../../Drivers/BSP/B-L475E-IOT01 -I../../../../../../../Drivers/BSP/Components/Common -I../../../../../../../Drivers/BSP/Components/hts221 -I../../../../../../../Drivers/BSP/Components/lps22hb -I../../../../../../../Drivers/BSP/Components/lis3mdl -I../../../../../../../Drivers/BSP/Components/lsm6dsl -I../../../../../../../Drivers/CMSIS/Include -Os -ffunction-sections -g3 -fstack-usage -Wall -fmessage-length=0 -specs=nano.specs -o Application\User\main.o 
..\..\..\Src\main.c: In function 'Proximity_Test':
..\..\..\Src\main.c:222:21: warning: passing argument 1 of 'BSP_GYRO_GetXYZ' from incompatible pointer type [-Wincompatible-pointer-types]
     BSP_GYRO_GetXYZ(pDataXYZ3);
                     ^~~~~~~~~
In file included from ../../../Inc/main.h:52:0,
                 from ..\..\..\Src\main.c:37:
../../../../../../../Drivers/BSP/B-L475E-IOT01/stm32l475e_iot01_gyro.h:92:6: note: expected 'float *' but argument is of type 'int16_t * {aka short int *}'
 void BSP_GYRO_GetXYZ(float* pfData);
      ^~~~~~~~~~~~~~~
..\..\..\Src\main.c:190:11: warning: unused variable 'accv' [-Wunused-variable]
   int16_t accv;
           ^~~~
arm-atollic-eabi-gcc -o B-L475E-IOT01.elf Application\SW4STM32\startup_stm32l475xx.o Application\SW4STM32\syscalls.o Application\User\main.o Application\User\stm32l4xx_it.o Application\User\vl53l0x\vl53l0x_api.o Application\User\vl53l0x\vl53l0x_api_calibration.o Application\User\vl53l0x\vl53l0x_api_core.o Application\User\vl53l0x\vl53l0x_api_ranging.o Application\User\vl53l0x\vl53l0x_api_strings.o Application\User\vl53l0x\vl53l0x_platform_log.o Application\User\vl53l0x\vl53l0x_tof.o Drivers\BSP\B-L475E-IOT01\stm32l475e_iot01.o Drivers\BSP\B-L475E-IOT01\stm32l475e_iot01_accelero.o Drivers\BSP\B-L475E-IOT01\stm32l475e_iot01_gyro.o Drivers\BSP\B-L475E-IOT01\stm32l475e_iot01_hsensor.o Drivers\BSP\B-L475E-IOT01\stm32l475e_iot01_magneto.o Drivers\BSP\B-L475E-IOT01\stm32l475e_iot01_psensor.o Drivers\BSP\B-L475E-IOT01\stm32l475e_iot01_qspi.o Drivers\BSP\B-L475E-IOT01\stm32l475e_iot01_tsensor.o Drivers\BSP\Components\cs42l51\cs42l51.o Drivers\BSP\Components\cs43l22\cs43l22.o Drivers\BSP\Components\ft3x67\ft3x67.o Drivers\BSP\Components\ft5336\ft5336.o Drivers\BSP\Components\ft6x06\ft6x06.o Drivers\BSP\Components\hts221\hts221.o Drivers\BSP\Components\hx8347g\hx8347g.o Drivers\BSP\Components\l3gd20\l3gd20.o Drivers\BSP\Components\lis3mdl\lis3mdl.o Drivers\BSP\Components\lps22hb\lps22hb.o Drivers\BSP\Components\ls016b8uy\ls016b8uy.o Drivers\BSP\Components\lsm303c\lsm303c.o Drivers\BSP\Components\lsm303dlhc\lsm303dlhc.o Drivers\BSP\Components\lsm6dsl\lsm6dsl.o Drivers\BSP\Components\m24sr\m24sr.o Drivers\BSP\Components\mfxstm32l152\mfxstm32l152.o Drivers\BSP\Components\ov9655\ov9655.o Drivers\BSP\Components\st7735\st7735.o Drivers\BSP\Components\st7789h2\st7789h2.o Drivers\BSP\Components\stmpe1600\stmpe1600.o Drivers\BSP\Components\stmpe811\stmpe811.o Drivers\BSP\Components\wm8994\wm8994.o Drivers\CMSIS\system_stm32l4xx.o Drivers\STM32L4xx_HAL_Driver\stm32l4xx_hal.o Drivers\STM32L4xx_HAL_Driver\stm32l4xx_hal_cortex.o Drivers\STM32L4xx_HAL_Driver\stm32l4xx_hal_dfsdm.o Drivers\STM32L4xx_HAL_Driver\stm32l4xx_hal_dma.o Drivers\STM32L4xx_HAL_Driver\stm32l4xx_hal_flash.o Drivers\STM32L4xx_HAL_Driver\stm32l4xx_hal_flash_ex.o Drivers\STM32L4xx_HAL_Driver\stm32l4xx_hal_flash_ramfunc.o Drivers\STM32L4xx_HAL_Driver\stm32l4xx_hal_gpio.o Drivers\STM32L4xx_HAL_Driver\stm32l4xx_hal_i2c.o Drivers\STM32L4xx_HAL_Driver\stm32l4xx_hal_i2c_ex.o Drivers\STM32L4xx_HAL_Driver\stm32l4xx_hal_pwr.o Drivers\STM32L4xx_HAL_Driver\stm32l4xx_hal_pwr_ex.o Drivers\STM32L4xx_HAL_Driver\stm32l4xx_hal_qspi.o Drivers\STM32L4xx_HAL_Driver\stm32l4xx_hal_rcc.o Drivers\STM32L4xx_HAL_Driver\stm32l4xx_hal_rcc_ex.o Drivers\STM32L4xx_HAL_Driver\stm32l4xx_hal_uart.o Drivers\STM32L4xx_HAL_Driver\stm32l4xx_hal_uart_ex.o -mthumb -mcpu=cortex-m4 -mfloat-abi=hard -mfpu=fpv4-sp-d16 -T../STM32L475VGTx_FLASH.ld -specs=nosys.specs -static -u _printf_float -Wl,-Map=B-L475E-IOT01.map -Wl,--gc-sections -Wl,--defsym=malloc_getpagesize_P=0x80 -Wl,--start-group -lc -lm -Wl,--end-group -specs=nano.specs 
C:\Program Files (x86)\Atollic\TrueSTUDIO for STM32 9.2.0\ide\jre\bin\java -jar C:\Program Files (x86)\Atollic\TrueSTUDIO for STM32 9.2.0\Tools\arm-atollic-reports.jar sizeinfo list B-L475E-IOT01.elf 
Generate build reports...
Print size information
   text	   data	    bss	    dec	    hex	filename
  37976	   1808	  94544	 134328	  20cb8	B-L475E-IOT01.elf
Print size information done
Generate listing file
Output sent to: B-L475E-IOT01.list
Generate listing file done
Generate build reports done
Info: Nothing to build for B-L475E-IOT01
