Archive member included to satisfy reference by file (symbol)

c:/program files (x86)/atollic/truestudio for stm32 9.2.0/armtools/bin/../lib/gcc/arm-atollic-eabi/6.3.1/../../../../arm-atollic-eabi/lib/armv7e-m/fpu\libc_nano.a(lib_a-errno.o)
                              Application\SW4STM32\syscalls.o (__errno)
c:/program files (x86)/atollic/truestudio for stm32 9.2.0/armtools/bin/../lib/gcc/arm-atollic-eabi/6.3.1/../../../../arm-atollic-eabi/lib/armv7e-m/fpu\libc_nano.a(lib_a-impure.o)
                              Application\User\main.o (_impure_ptr)
c:/program files (x86)/atollic/truestudio for stm32 9.2.0/armtools/bin/../lib/gcc/arm-atollic-eabi/6.3.1/../../../../arm-atollic-eabi/lib/armv7e-m/fpu\libc_nano.a(lib_a-init.o)
                              Application\SW4STM32\startup_stm32l475xx.o (__libc_init_array)
c:/program files (x86)/atollic/truestudio for stm32 9.2.0/armtools/bin/../lib/gcc/arm-atollic-eabi/6.3.1/../../../../arm-atollic-eabi/lib/armv7e-m/fpu\libc_nano.a(lib_a-memcpy-stub.o)
                              Application\User\main.o (memcpy)
c:/program files (x86)/atollic/truestudio for stm32 9.2.0/armtools/bin/../lib/gcc/arm-atollic-eabi/6.3.1/../../../../arm-atollic-eabi/lib/armv7e-m/fpu\libc_nano.a(lib_a-memset.o)
                              Application\User\main.o (memset)
c:/program files (x86)/atollic/truestudio for stm32 9.2.0/armtools/bin/../lib/gcc/arm-atollic-eabi/6.3.1/../../../../arm-atollic-eabi/lib/armv7e-m/fpu\libc_nano.a(lib_a-nano-vfprintf_float.o)
                              (_printf_float)
c:/program files (x86)/atollic/truestudio for stm32 9.2.0/armtools/bin/../lib/gcc/arm-atollic-eabi/6.3.1/../../../../arm-atollic-eabi/lib/armv7e-m/fpu\libc_nano.a(lib_a-nano-vfprintf_i.o)
                              c:/program files (x86)/atollic/truestudio for stm32 9.2.0/armtools/bin/../lib/gcc/arm-atollic-eabi/6.3.1/../../../../arm-atollic-eabi/lib/armv7e-m/fpu\libc_nano.a(lib_a-nano-vfprintf_float.o) (_printf_common)
c:/program files (x86)/atollic/truestudio for stm32 9.2.0/armtools/bin/../lib/gcc/arm-atollic-eabi/6.3.1/../../../../arm-atollic-eabi/lib/armv7e-m/fpu\libc_nano.a(lib_a-printf.o)
                              Application\User\main.o (printf)
c:/program files (x86)/atollic/truestudio for stm32 9.2.0/armtools/bin/../lib/gcc/arm-atollic-eabi/6.3.1/../../../../arm-atollic-eabi/lib/armv7e-m/fpu\libc_nano.a(lib_a-puts.o)
                              Application\User\main.o (puts)
c:/program files (x86)/atollic/truestudio for stm32 9.2.0/armtools/bin/../lib/gcc/arm-atollic-eabi/6.3.1/../../../../arm-atollic-eabi/lib/armv7e-m/fpu\libc_nano.a(lib_a-rget.o)
                              Application\User\main.o (__srget_r)
c:/program files (x86)/atollic/truestudio for stm32 9.2.0/armtools/bin/../lib/gcc/arm-atollic-eabi/6.3.1/../../../../arm-atollic-eabi/lib/armv7e-m/fpu\libc_nano.a(lib_a-strcpy.o)
                              Application\User\vl53l0x\vl53l0x_api_core.o (strcpy)
c:/program files (x86)/atollic/truestudio for stm32 9.2.0/armtools/bin/../lib/gcc/arm-atollic-eabi/6.3.1/../../../../arm-atollic-eabi/lib/armv7e-m/fpu\libc_nano.a(lib_a-strlen.o)
                              c:/program files (x86)/atollic/truestudio for stm32 9.2.0/armtools/bin/../lib/gcc/arm-atollic-eabi/6.3.1/../../../../arm-atollic-eabi/lib/armv7e-m/fpu\libc_nano.a(lib_a-nano-vfprintf_float.o) (strlen)
c:/program files (x86)/atollic/truestudio for stm32 9.2.0/armtools/bin/../lib/gcc/arm-atollic-eabi/6.3.1/../../../../arm-atollic-eabi/lib/armv7e-m/fpu\libc_nano.a(lib_a-wbuf.o)
                              c:/program files (x86)/atollic/truestudio for stm32 9.2.0/armtools/bin/../lib/gcc/arm-atollic-eabi/6.3.1/../../../../arm-atollic-eabi/lib/armv7e-m/fpu\libc_nano.a(lib_a-puts.o) (__swbuf_r)
c:/program files (x86)/atollic/truestudio for stm32 9.2.0/armtools/bin/../lib/gcc/arm-atollic-eabi/6.3.1/../../../../arm-atollic-eabi/lib/armv7e-m/fpu\libc_nano.a(lib_a-wsetup.o)
                              c:/program files (x86)/atollic/truestudio for stm32 9.2.0/armtools/bin/../lib/gcc/arm-atollic-eabi/6.3.1/../../../../arm-atollic-eabi/lib/armv7e-m/fpu\libc_nano.a(lib_a-puts.o) (__swsetup_r)
c:/program files (x86)/atollic/truestudio for stm32 9.2.0/armtools/bin/../lib/gcc/arm-atollic-eabi/6.3.1/../../../../arm-atollic-eabi/lib/armv7e-m/fpu\libc_nano.a(lib_a-dtoa.o)
                              c:/program files (x86)/atollic/truestudio for stm32 9.2.0/armtools/bin/../lib/gcc/arm-atollic-eabi/6.3.1/../../../../arm-atollic-eabi/lib/armv7e-m/fpu\libc_nano.a(lib_a-nano-vfprintf_float.o) (_dtoa_r)
c:/program files (x86)/atollic/truestudio for stm32 9.2.0/armtools/bin/../lib/gcc/arm-atollic-eabi/6.3.1/../../../../arm-atollic-eabi/lib/armv7e-m/fpu\libc_nano.a(lib_a-fflush.o)
                              c:/program files (x86)/atollic/truestudio for stm32 9.2.0/armtools/bin/../lib/gcc/arm-atollic-eabi/6.3.1/../../../../arm-atollic-eabi/lib/armv7e-m/fpu\libc_nano.a(lib_a-wbuf.o) (_fflush_r)
[...]
Memory Configuration

Name             Origin             Length             Attributes
RAM              0x20000000         0x00018000         xrw
RAM2             0x10000000         0x00008000         xrw
FLASH            0x08000000         0x00100000         xr
*default*        0x00000000         0xffffffff

Linker script and memory map

LOAD c:/program files (x86)/atollic/truestudio for stm32 9.2.0/armtools/bin/../lib/gcc/arm-atollic-eabi/6.3.1/armv7e-m/fpu/crti.o
LOAD c:/program files (x86)/atollic/truestudio for stm32 9.2.0/armtools/bin/../lib/gcc/arm-atollic-eabi/6.3.1/armv7e-m/fpu/crtbegin.o
LOAD Application\SW4STM32\startup_stm32l475xx.o
LOAD Application\SW4STM32\syscalls.o
LOAD Application\User\main.o
LOAD Application\User\stm32l4xx_it.o
LOAD Application\User\vl53l0x\vl53l0x_api.o
LOAD Application\User\vl53l0x\vl53l0x_api_calibration.o
LOAD Application\User\vl53l0x\vl53l0x_api_core.o
LOAD Application\User\vl53l0x\vl53l0x_api_ranging.o
LOAD Application\User\vl53l0x\vl53l0x_api_strings.o
LOAD Application\User\vl53l0x\vl53l0x_platform_log.o
LOAD Application\User\vl53l0x\vl53l0x_tof.o
LOAD Drivers\BSP\B-L475E-IOT01\stm32l475e_iot01.o
LOAD Drivers\BSP\B-L475E-IOT01\stm32l475e_iot01_accelero.o
LOAD Drivers\BSP\B-L475E-IOT01\stm32l475e_iot01_gyro.o
LOAD Drivers\BSP\B-L475E-IOT01\stm32l475e_iot01_hsensor.o
LOAD Drivers\BSP\B-L475E-IOT01\stm32l475e_iot01_magneto.o
LOAD Drivers\BSP\B-L475E-IOT01\stm32l475e_iot01_psensor.o
LOAD Drivers\BSP\B-L475E-IOT01\stm32l475e_iot01_qspi.o
LOAD Drivers\BSP\B-L475E-IOT01\stm32l475e_iot01_tsensor.o
LOAD Drivers\BSP\Components\cs42l51\cs42l51.o
LOAD Drivers\BSP\Components\cs43l22\cs43l22.o
LOAD Drivers\BSP\Components\ft3x67\ft3x67.o
LOAD Drivers\BSP\Components\ft5336\ft5336.o
LOAD Drivers\BSP\Components\ft6x06\ft6x06.o
LOAD Drivers\BSP\Components\hts221\hts221.o
LOAD Drivers\BSP\Components\hx8347g\hx8347g.o
LOAD Drivers\BSP\Components\l3gd20\l3gd20.o
LOAD Drivers\BSP\Components\lis3mdl\lis3mdl.o
LOAD Drivers\BSP\Components\lps22hb\lps22hb.o
LOAD Drivers\BSP\Components\ls016b8uy\ls016b8uy.o
LOAD Drivers\BSP\Components\lsm303c\lsm303c.o
LOAD Drivers\BSP\Components\lsm303dlhc\lsm303dlhc.o
LOAD Drivers\BSP\Components\lsm6dsl\lsm6dsl.o
LOAD Drivers\BSP\Components\m24sr\m24sr.o
LOAD Drivers\BSP\Components\mfxstm32l152\mfxstm32l152.o
LOAD Drivers\BSP\Components\ov9655\ov9655.o
LOAD Drivers\BSP\Components\st7735\st7735.o
LOAD Drivers\BSP\Components\st7789h2\st7789h2.o
LOAD Drivers\BSP\Components\stmpe1600\stmpe1600.o
LOAD Drivers\BSP\Components\stmpe811\stmpe811.o
LOAD Drivers\BSP\Components\wm8994\wm8994.o
LOAD Drivers\CMSIS\system_stm32l4xx.o
LOAD Drivers\STM32L4xx_HAL_Driver\stm32l4xx_hal.o
LOAD Drivers\STM32L4xx_HAL_Driver\stm32l4xx_hal_cortex.o
LOAD Drivers\STM32L4xx_HAL_Driver\stm32l4xx_hal_dfsdm.o
LOAD Drivers\STM32L4xx_HAL_Driver\stm32l4xx_hal_dma.o
LOAD Drivers\STM32L4xx_HAL_Driver\stm32l4xx_hal_flash.o
LOAD Drivers\STM32L4xx_HAL_Driver\stm32l4xx_hal_flash_ex.o
LOAD Drivers\STM32L4xx_HAL_Driver\stm32l4xx_hal_flash_ramfunc.o
LOAD Drivers\STM32L4xx_HAL_Driver\stm32l4xx_hal_gpio.o
LOAD Drivers\STM32L4xx_HAL_Driver\stm32l4xx_hal_i2c.o
LOAD Drivers\STM32L4xx_HAL_Driver\stm32l4xx_hal_i2c_ex.o
LOAD Drivers\STM32L4xx_HAL_Driver\stm32l4xx_hal_pwr.o
LOAD Drivers\STM32L4xx_HAL_Driver\stm32l4xx_hal_pwr_ex.o
LOAD Drivers\STM32L4xx_HAL_Driver\stm32l4xx_hal_qspi.o
LOAD Drivers\STM32L4xx_HAL_Driver\stm32l4xx_hal_rcc.o
LOAD Drivers\STM32L4xx_HAL_Driver\stm32l4xx_hal_rcc_ex.o
LOAD Drivers\STM32L4xx_HAL_Driver\stm32l4xx_hal_uart.o
LOAD Drivers\STM32L4xx_HAL_Driver\stm32l4xx_hal_uart_ex.o
                0x00000080                malloc_getpagesize_P = 0x80
START GROUP
LOAD c:/program files (x86)/atollic/truestudio for stm32 9.2.0/armtools/bin/../lib/gcc/arm-atollic-eabi/6.3.1/../../../../arm-atollic-eabi/lib/armv7e-m/fpu\libc_nano.a
LOAD c:/program files (x86)/atollic/truestudio for stm32 9.2.0/armtools/bin/../lib/gcc/arm-atollic-eabi/6.3.1/../../../../arm-atollic-eabi/lib/armv7e-m/fpu\libm.a
END GROUP
START GROUP
LOAD c:/program files (x86)/atollic/truestudio for stm32 9.2.0/armtools/bin/../lib/gcc/arm-atollic-eabi/6.3.1/armv7e-m/fpu\libgcc.a
LOAD c:/program files (x86)/atollic/truestudio for stm32 9.2.0/armtools/bin/../lib/gcc/arm-atollic-eabi/6.3.1/../../../../arm-atollic-eabi/lib/armv7e-m/fpu\libc_nano.a
END GROUP
START GROUP
LOAD c:/program files (x86)/atollic/truestudio for stm32 9.2.0/armtools/bin/../lib/gcc/arm-atollic-eabi/6.3.1/armv7e-m/fpu\libgcc.a
LOAD c:/program files (x86)/atollic/truestudio for stm32 9.2.0/armtools/bin/../lib/gcc/arm-atollic-eabi/6.3.1/../../../../arm-atollic-eabi/lib/armv7e-m/fpu\libc_nano.a
LOAD c:/program files (x86)/atollic/truestudio for stm32 9.2.0/armtools/bin/../lib/gcc/arm-atollic-eabi/6.3.1/../../../../arm-atollic-eabi/lib/armv7e-m/fpu\libnosys.a
END GROUP
START GROUP
LOAD c:/program files (x86)/atollic/truestudio for stm32 9.2.0/armtools/bin/../lib/gcc/arm-atollic-eabi/6.3.1/armv7e-m/fpu\libgcc.a
LOAD c:/program files (x86)/atollic/truestudio for stm32 9.2.0/armtools/bin/../lib/gcc/arm-atollic-eabi/6.3.1/../../../../arm-atollic-eabi/lib/armv7e-m/fpu\libc_nano.a
LOAD c:/program files (x86)/atollic/truestudio for stm32 9.2.0/armtools/bin/../lib/gcc/arm-atollic-eabi/6.3.1/../../../../arm-atollic-eabi/lib/armv7e-m/fpu\libnosys.a
END GROUP
LOAD c:/program files (x86)/atollic/truestudio for stm32 9.2.0/armtools/bin/../lib/gcc/arm-atollic-eabi/6.3.1/armv7e-m/fpu/crtend.o
LOAD c:/program files (x86)/atollic/truestudio for stm32 9.2.0/armtools/bin/../lib/gcc/arm-atollic-eabi/6.3.1/armv7e-m/fpu/crtn.o
                0x20018000                _estack = 0x20018000
                0x00010000                _Min_Heap_Size = 0x10000
                0x00007000                _Min_Stack_Size = 0x7000

.isr_vector     0x08000000      0x188
                0x08000000                . = ALIGN (0x8)
 *(.isr_vector)
 .isr_vector    0x08000000      0x188 Application\SW4STM32\startup_stm32l475xx.o
                0x08000000                g_pfnVectors
                0x08000188                . = ALIGN (0x8)

.text           0x08000190     0x8798
                0x08000190                . = ALIGN (0x8)
 *(.text)
 .text          0x08000190       0x40 c:/program files (x86)/atollic/truestudio for stm32 9.2.0/armtools/bin/../lib/gcc/arm-atollic-eabi/6.3.1/armv7e-m/fpu/crtbegin.o
 .text          0x080001d0       0x10 c:/program files (x86)/atollic/truestudio for stm32 9.2.0/armtools/bin/../lib/gcc/arm-atollic-eabi/6.3.1/../../../../arm-atollic-eabi/lib/armv7e-m/fpu\libc_nano.a(lib_a-strlen.o)
                0x080001d0                strlen
 .text          0x080001e0       0xa0 c:/program files (x86)/atollic/truestudio for stm32 9.2.0/armtools/bin/../lib/gcc/arm-atollic-eabi/6.3.1/../../../../arm-atollic-eabi/lib/armv7e-m/fpu\libc_nano.a(lib_a-memchr.o)
                0x080001e0                memchr
 .text          0x08000280      0x370 c:/program files (x86)/atollic/truestudio for stm32 9.2.0/armtools/bin/../lib/gcc/arm-atollic-eabi/6.3.1/armv7e-m/fpu\libgcc.a(_arm_addsubdf3.o)
                0x08000280                __aeabi_drsub
                0x08000288                __aeabi_dsub
                0x08000288                __subdf3
                0x0800028c                __aeabi_dadd
                0x0800028c                __adddf3
                0x08000504                __floatunsidf
                0x08000504                __aeabi_ui2d
                0x08000524                __floatsidf
                0x08000524                __aeabi_i2d
                0x08000548                __aeabi_f2d
                0x08000548                __extendsfdf2
                0x08000584                __floatundidf
                0x08000584                __aeabi_ul2d
                0x08000594                __floatdidf
                0x08000594                __aeabi_l2d
 .text          0x080005f0      0x424 c:/program files (x86)/atollic/truestudio for stm32 9.2.0/armtools/bin/../lib/gcc/arm-atollic-eabi/6.3.1/armv7e-m/fpu\libgcc.a(_arm_muldivdf3.o)
                0x080005f0                __aeabi_dmul
                0x080005f0                __muldf3
                0x08000844                __divdf3
                0x08000844                __aeabi_ddiv
 .text          0x08000a14      0x110 c:/program files (x86)/atollic/truestudio for stm32 9.2.0/armtools/bin/../lib/gcc/arm-atollic-eabi/6.3.1/armv7e-m/fpu\libgcc.a(_arm_cmpdf2.o)
                0x08000a14                __gtdf2
                0x08000a14                __gedf2
                0x08000a1c                __ltdf2
                0x08000a1c                __ledf2
                0x08000a24                __nedf2
                0x08000a24                __eqdf2
                0x08000a24                __cmpdf2
                0x08000aa0                __aeabi_cdrcmple
                0x08000ab0                __aeabi_cdcmpeq
                0x08000ab0                __aeabi_cdcmple
                0x08000ac0                __aeabi_dcmpeq
                0x08000ad4                __aeabi_dcmplt
                0x08000ae8                __aeabi_dcmple
                0x08000afc                __aeabi_dcmpge
                0x08000b10                __aeabi_dcmpgt
 .text          0x08000b24       0x2c c:/program files (x86)/atollic/truestudio for stm32 9.2.0/armtools/bin/../lib/gcc/arm-atollic-eabi/6.3.1/armv7e-m/fpu\libgcc.a(_arm_unorddf2.o)
                0x08000b24                __unorddf2
                0x08000b24                __aeabi_dcmpun
 .text          0x08000b50       0x50 c:/program files (x86)/atollic/truestudio for stm32 9.2.0/armtools/bin/../lib/gcc/arm-atollic-eabi/6.3.1/armv7e-m/fpu\libgcc.a(_arm_fixdfsi.o)
                0x08000b50                __aeabi_d2iz
                0x08000b50                __fixdfsi
 .text          0x08000ba0       0x30 c:/program files (x86)/atollic/truestudio for stm32 9.2.0/armtools/bin/../lib/gcc/arm-atollic-eabi/6.3.1/armv7e-m/fpu\libgcc.a(_aeabi_uldivmod.o)
                0x08000ba0                __aeabi_uldivmod
 .text          0x08000bd0      0x2dc c:/program files (x86)/atollic/truestudio for stm32 9.2.0/armtools/bin/../lib/gcc/arm-atollic-eabi/6.3.1/armv7e-m/fpu\libgcc.a(_udivmoddi4.o)
                0x08000bd0                __udivmoddi4
 .text          0x08000eac        0x4 c:/program files (x86)/atollic/truestudio for stm32 9.2.0/armtools/bin/../lib/gcc/arm-atollic-eabi/6.3.1/armv7e-m/fpu\libgcc.a(_dvmd_tls.o)
                0x08000eac                __aeabi_idiv0
                0x08000eac                __aeabi_ldiv0
 *(.text*)
 .text.Reset_Handler
                0x08000eb0       0x50 Application\SW4STM32\startup_stm32l475xx.o
                0x08000eb0                Reset_Handler
 .text.Default_Handler
                0x08000f00        0x2 Application\SW4STM32\startup_stm32l475xx.o
                0x08000f00                RTC_Alarm_IRQHandler
                0x08000f00                EXTI2_IRQHandler
                0x08000f00                TIM8_TRG_COM_IRQHandler
                0x08000f00                TIM8_CC_IRQHandler
                0x08000f00                TIM1_CC_IRQHandler
                0x08000f00                TSC_IRQHandler
                0x08000f00                TAMP_STAMP_IRQHandler
                0x08000f00                EXTI3_IRQHandler
                0x08000f00                LPTIM2_IRQHandler
                0x08000f00                DFSDM1_FLT1_IRQHandler
                0x08000f00                I2C3_ER_IRQHandler
                0x08000f00                DFSDM1_FLT2_IRQHandler
                0x08000f00                EXTI0_IRQHandler
                0x08000f00                I2C2_EV_IRQHandler
                0x08000f00                CAN1_RX0_IRQHandler
                0x08000f00                FPU_IRQHandler
                0x08000f00                TIM1_UP_TIM16_IRQHandler
                0x08000f00                ADC1_2_IRQHandler
                0x08000f00                SPI1_IRQHandler
                0x08000f00                TIM6_DAC_IRQHandler
                0x08000f00                TIM8_UP_IRQHandler
                0x08000f00                DMA2_Channel2_IRQHandler
                0x08000f00                DMA1_Channel4_IRQHandler
                0x08000f00                SAI2_IRQHandler
                0x08000f00                DFSDM1_FLT3_IRQHandler
                0x08000f00                USART3_IRQHandler
                0x08000f00                DMA1_Channel7_IRQHandler
                0x08000f00                CAN1_RX1_IRQHandler
                0x08000f00                UART5_IRQHandler
                0x08000f00                ADC3_IRQHandler
                0x08000f00                TIM4_IRQHandler
                0x08000f00                DMA2_Channel1_IRQHandler
                0x08000f00                QUADSPI_IRQHandler
                0x08000f00                I2C1_EV_IRQHandler
                0x08000f00                DMA1_Channel6_IRQHandler
                0x08000f00                UART4_IRQHandler
                0x08000f00                DMA2_Channel4_IRQHandler
                0x08000f00                TIM3_IRQHandler
                0x08000f00                RCC_IRQHandler
                0x08000f00                DMA1_Channel1_IRQHandler
                0x08000f00                Default_Handler
                0x08000f00                DMA2_Channel7_IRQHandler
                0x08000f00                EXTI15_10_IRQHandler
                0x08000f00                TIM7_IRQHandler
                0x08000f00                SDMMC1_IRQHandler
                0x08000f00                TIM5_IRQHandler
                0x08000f00                I2C3_EV_IRQHandler
                0x08000f00                EXTI9_5_IRQHandler
                0x08000f00                RTC_WKUP_IRQHandler
                0x08000f00                PVD_PVM_IRQHandler
                0x08000f00                SPI2_IRQHandler
                0x08000f00                CAN1_TX_IRQHandler
                0x08000f00                DMA2_Channel5_IRQHandler
                0x08000f00                DMA1_Channel5_IRQHandler
                0x08000f00                EXTI4_IRQHandler
                0x08000f00                RNG_IRQHandler
                0x08000f00                TIM1_TRG_COM_TIM17_IRQHandler
                0x08000f00                DMA1_Channel3_IRQHandler
                0x08000f00                COMP_IRQHandler
                0x08000f00                WWDG_IRQHandler
                0x08000f00                LPUART1_IRQHandler
                0x08000f00                DMA2_Channel6_IRQHandler
                0x08000f00                TIM2_IRQHandler
                0x08000f00                EXTI1_IRQHandler
                0x08000f00                USART2_IRQHandler
                0x08000f00                DFSDM1_FLT0_IRQHandler
                0x08000f00                I2C2_ER_IRQHandler
                0x08000f00                DMA1_Channel2_IRQHandler
                0x08000f00                TIM8_BRK_IRQHandler
                0x08000f00                CAN1_SCE_IRQHandler
                0x08000f00                FLASH_IRQHandler
                0x08000f00                USART1_IRQHandler
                0x08000f00                OTG_FS_IRQHandler
                0x08000f00                SPI3_IRQHandler
                0x08000f00                I2C1_ER_IRQHandler
                0x08000f00                FMC_IRQHandler
                0x08000f00                SWPMI1_IRQHandler
                0x08000f00                LPTIM1_IRQHandler
                0x08000f00                SAI1_IRQHandler
                0x08000f00                DMA2_Channel3_IRQHandler
                0x08000f00                TIM1_BRK_TIM15_IRQHandler
 .text._read    0x08000f02        0xe Application\SW4STM32\syscalls.o
                0x08000f02                _read
 .text._write   0x08000f10       0x1c Application\SW4STM32\syscalls.o
                0x08000f10                _write
 .text._sbrk    0x08000f2c       0x34 Application\SW4STM32\syscalls.o
                0x08000f2c                _sbrk
 .text._close   0x08000f60        0x6 Application\SW4STM32\syscalls.o
                0x08000f60                _close
 .text._fstat   0x08000f66        0xa Application\SW4STM32\syscalls.o
                0x08000f66                _fstat
 .text._isatty  0x08000f70        0x4 Application\SW4STM32\syscalls.o
                0x08000f70                _isatty
 .text._lseek   0x08000f74        0x4 Application\SW4STM32\syscalls.o
                0x08000f74                _lseek
 .text.Serial_Scanf
                0x08000f78       0x3c Application\User\main.o
                0x08000f78                Serial_Scanf
 .text.Proximity_Test
                0x08000fb4      0x224 Application\User\main.o
                0x08000fb4                Proximity_Test
 .text.startup.main
                0x080011d8       0x90 Application\User\main.o
                0x080011d8                main
 .text.__io_putchar
                0x08001268       0x28 Application\User\main.o
                0x08001268                __io_putchar
 .text.__io_getchar
                0x08001290       0x2c Application\User\main.o
                0x08001290                __io_getchar
 .text.NMI_Handler
                0x080012bc        0x2 Application\User\stm32l4xx_it.o
                0x080012bc                NMI_Handler
 .text.HardFault_Handler
                0x080012be        0x2 Application\User\stm32l4xx_it.o
                0x080012be                HardFault_Handler
 .text.MemManage_Handler
                0x080012c0        0x2 Application\User\stm32l4xx_it.o
                0x080012c0                MemManage_Handler
 .text.BusFault_Handler
                0x080012c2        0x2 Application\User\stm32l4xx_it.o
                0x080012c2                BusFault_Handler
 .text.UsageFault_Handler
                0x080012c4        0x2 Application\User\stm32l4xx_it.o
                0x080012c4                UsageFault_Handler
 .text.SVC_Handler
                0x080012c6        0x2 Application\User\stm32l4xx_it.o
                0x080012c6                SVC_Handler
 .text.DebugMon_Handler
                0x080012c8        0x2 Application\User\stm32l4xx_it.o
                0x080012c8                DebugMon_Handler
 .text.PendSV_Handler
                0x080012ca        0x2 Application\User\stm32l4xx_it.o
                0x080012ca                PendSV_Handler
 .text.SysTick_Handler
                0x080012cc        0x4 Application\User\stm32l4xx_it.o
                0x080012cc                SysTick_Handler
 .text.VL53L0X_GetDeviceInfo
                0x080012d0        0x4 Application\User\vl53l0x\vl53l0x_api.o
                0x080012d0                VL53L0X_GetDeviceInfo
 .text.VL53L0X_SetDeviceMode
                0x080012d4       0x20 Application\User\vl53l0x\vl53l0x_api.o
                0x080012d4                VL53L0X_SetDeviceMode
 .text.VL53L0X_GetFractionEnable
                0x080012f4       0x18 Application\User\vl53l0x\vl53l0x_api.o
                0x080012f4                VL53L0X_GetFractionEnable
 .text.VL53L0X_SetMeasurementTimingBudgetMicroSeconds
                0x0800130c        0x4 Application\User\vl53l0x\vl53l0x_api.o
                0x0800130c                VL53L0X_SetMeasurementTimingBudgetMicroSeconds
 .text.VL53L0X_SetVcselPulsePeriod
                0x08001310        0x4 Application\User\vl53l0x\vl53l0x_api.o
                0x08001310                VL53L0X_SetVcselPulsePeriod
 .text.VL53L0X_GetVcselPulsePeriod
                0x08001314        0x4 Application\User\vl53l0x\vl53l0x_api.o
                0x08001314                VL53L0X_GetVcselPulsePeriod
 .text.VL53L0X_SetSequenceStepEnable
                0x08001318       0xa2 Application\User\vl53l0x\vl53l0x_api.o
                0x08001318                VL53L0X_SetSequenceStepEnable
 .text.VL53L0X_GetSequenceStepEnables
                0x080013ba       0x38 Application\User\vl53l0x\vl53l0x_api.o
                0x080013ba                VL53L0X_GetSequenceStepEnables
 .text.VL53L0X_GetSequenceStepTimeout
                0x080013f2       0x30 Application\User\vl53l0x\vl53l0x_api.o
                0x080013f2                VL53L0X_GetSequenceStepTimeout
 .text.VL53L0X_GetInterMeasurementPeriodMilliSeconds
                0x08001422       0x34 Application\User\vl53l0x\vl53l0x_api.o
                0x08001422                VL53L0X_GetInterMeasurementPeriodMilliSeconds
 .text.VL53L0X_GetXTalkCompensationEnable
                0x08001456        0x8 Application\User\vl53l0x\vl53l0x_api.o
                0x08001456                VL53L0X_GetXTalkCompensationEnable
 .text.VL53L0X_GetXTalkCompensationRateMegaCps
                0x0800145e       0x2e Application\User\vl53l0x\vl53l0x_api.o
                0x0800145e                VL53L0X_GetXTalkCompensationRateMegaCps
 .text.VL53L0X_SetLimitCheckEnable
                0x0800148c       0x7e Application\User\vl53l0x\vl53l0x_api.o
                0x0800148c                VL53L0X_SetLimitCheckEnable
 .text.VL53L0X_GetLimitCheckEnable
                0x0800150a       0x1c Application\User\vl53l0x\vl53l0x_api.o
                0x0800150a                VL53L0X_GetLimitCheckEnable
 .text.VL53L0X_SetLimitCheckValue
                0x08001526       0x5a Application\User\vl53l0x\vl53l0x_api.o
                0x08001526                VL53L0X_SetLimitCheckValue
 .text.VL53L0X_GetLimitCheckValue
                0x08001580       0x6a Application\User\vl53l0x\vl53l0x_api.o
                0x08001580                VL53L0X_GetLimitCheckValue
 .text.VL53L0X_GetWrapAroundCheckEnable
                0x080015ea       0x2e Application\User\vl53l0x\vl53l0x_api.o
                0x080015ea                VL53L0X_GetWrapAroundCheckEnable
 .text.VL53L0X_GetDeviceParameters
                0x08001618       0x76 Application\User\vl53l0x\vl53l0x_api.o
                0x08001618                VL53L0X_GetDeviceParameters
 *fill*         0x0800168e        0x2 
 .text.VL53L0X_DataInit
                0x08001690      0x12c Application\User\vl53l0x\vl53l0x_api.o
                0x08001690                VL53L0X_DataInit
 .text.VL53L0X_PerformRefCalibration
                0x080017bc        0x6 Application\User\vl53l0x\vl53l0x_api.o
                0x080017bc                VL53L0X_PerformRefCalibration
 .text.VL53L0X_GetRangingMeasurementData
                0x080017c2      0x13a Application\User\vl53l0x\vl53l0x_api.o
                0x080017c2                VL53L0X_GetRangingMeasurementData
 .text.VL53L0X_GetInterruptThresholds
                0x080018fc       0x40 Application\User\vl53l0x\vl53l0x_api.o
                0x080018fc                VL53L0X_GetInterruptThresholds
 .text.VL53L0X_CheckAndLoadInterruptSettings
                0x0800193c       0x80 Application\User\vl53l0x\vl53l0x_api.o
                0x0800193c                VL53L0X_CheckAndLoadInterruptSettings
 .text.VL53L0X_StartMeasurement
                0x080019bc       0x7e Application\User\vl53l0x\vl53l0x_api.o
                0x080019bc                VL53L0X_StartMeasurement
 .text.VL53L0X_PerformSingleMeasurement
                0x08001a3a       0x28 Application\User\vl53l0x\vl53l0x_api.o
                0x08001a3a                VL53L0X_PerformSingleMeasurement
 .text.VL53L0X_ClearInterruptMask
                0x08001a62       0x58 Application\User\vl53l0x\vl53l0x_api.o
                0x08001a62                VL53L0X_ClearInterruptMask
 .text.VL53L0X_PerformSingleRangingMeasurement
                0x08001aba       0x28 Application\User\vl53l0x\vl53l0x_api.o
                0x08001aba                VL53L0X_PerformSingleRangingMeasurement
 .text.VL53L0X_SetGpioConfig
                0x08001ae2      0x15a Application\User\vl53l0x\vl53l0x_api.o
                0x08001ae2                VL53L0X_SetGpioConfig
 .text.VL53L0X_StaticInit
                0x08001c3c      0x1a8 Application\User\vl53l0x\vl53l0x_api.o
                0x08001c3c                VL53L0X_StaticInit
 .text.VL53L0X_GetInterruptMaskStatus
                0x08001de4       0x26 Application\User\vl53l0x\vl53l0x_api.o
                0x08001de4                VL53L0X_GetInterruptMaskStatus
 .text.VL53L0X_GetMeasurementDataReady
                0x08001e0a       0x3c Application\User\vl53l0x\vl53l0x_api.o
                0x08001e0a                VL53L0X_GetMeasurementDataReady
 .text.VL53L0X_PerformRefSpadManagement
                0x08001e46        0x4 Application\User\vl53l0x\vl53l0x_api.o
                0x08001e46                VL53L0X_PerformRefSpadManagement
 .text.VL53L0X_get_offset_calibration_data_micro_meter
                0x08001e4a       0x32 Application\User\vl53l0x\vl53l0x_api_calibration.o
                0x08001e4a                VL53L0X_get_offset_calibration_data_micro_meter
 .text.get_next_good_spad
                0x08001e7c       0x4e Application\User\vl53l0x\vl53l0x_api_calibration.o
                0x08001e7c                get_next_good_spad
 *fill*         0x08001eca        0x2 
 .text.is_aperture
                0x08001ecc       0x14 Application\User\vl53l0x\vl53l0x_api_calibration.o
                0x08001ecc                is_aperture
 .text.enable_spad_bit
                0x08001ee0       0x1e Application\User\vl53l0x\vl53l0x_api_calibration.o
                0x08001ee0                enable_spad_bit
 .text.set_ref_spad_map
                0x08001efe        0xa Application\User\vl53l0x\vl53l0x_api_calibration.o
                0x08001efe                set_ref_spad_map
 .text.get_ref_spad_map
                0x08001f08        0xa Application\User\vl53l0x\vl53l0x_api_calibration.o
                0x08001f08                get_ref_spad_map
 .text.enable_ref_spads
                0x08001f12       0x96 Application\User\vl53l0x\vl53l0x_api_calibration.o
                0x08001f12                enable_ref_spads
 .text.perform_ref_signal_measurement
                0x08001fa8       0x58 Application\User\vl53l0x\vl53l0x_api_calibration.o
                0x08001fa8                perform_ref_signal_measurement
 .text.VL53L0X_set_reference_spads
                0x08002000       0xaa Application\User\vl53l0x\vl53l0x_api_calibration.o
                0x08002000                VL53L0X_set_reference_spads
 .text.VL53L0X_perform_single_ref_calibration
                0x080020aa       0x32 Application\User\vl53l0x\vl53l0x_api_calibration.o
                0x080020aa                VL53L0X_perform_single_ref_calibration
 .text.VL53L0X_ref_calibration_io
                0x080020dc       0xd0 Application\User\vl53l0x\vl53l0x_api_calibration.o
                0x080020dc                VL53L0X_ref_calibration_io
 .text.VL53L0X_perform_vhv_calibration
                0x080021ac       0x74 Application\User\vl53l0x\vl53l0x_api_calibration.o
                0x080021ac                VL53L0X_perform_vhv_calibration
 .text.VL53L0X_perform_phase_calibration
                0x08002220       0x6e Application\User\vl53l0x\vl53l0x_api_calibration.o
                0x08002220                VL53L0X_perform_phase_calibration
 .text.VL53L0X_perform_ref_calibration
                0x0800228e       0x36 Application\User\vl53l0x\vl53l0x_api_calibration.o
                0x0800228e                VL53L0X_perform_ref_calibration
 .text.VL53L0X_perform_ref_spad_management
                0x080022c4      0x270 Application\User\vl53l0x\vl53l0x_api_calibration.o
                0x080022c4                VL53L0X_perform_ref_spad_management
 .text.VL53L0X_measurement_poll_for_completion
                0x08002534       0x34 Application\User\vl53l0x\vl53l0x_api_core.o
                0x08002534                VL53L0X_measurement_poll_for_completion
 .text.VL53L0X_isqrt
                0x08002568       0x2a Application\User\vl53l0x\vl53l0x_api_core.o
                0x08002568                VL53L0X_isqrt
 .text.VL53L0X_device_read_strobe
                0x08002592       0x42 Application\User\vl53l0x\vl53l0x_api_core.o
                0x08002592                VL53L0X_device_read_strobe
 .text.VL53L0X_get_info_from_device
                0x080025d4      0x554 Application\User\vl53l0x\vl53l0x_api_core.o
                0x080025d4                VL53L0X_get_info_from_device
 .text.VL53L0X_encode_timeout
                0x08002b28       0x1e Application\User\vl53l0x\vl53l0x_api_core.o
                0x08002b28                VL53L0X_encode_timeout
 .text.VL53L0X_decode_timeout
                0x08002b46        0xc Application\User\vl53l0x\vl53l0x_api_core.o
                0x08002b46                VL53L0X_decode_timeout
 *fill*         0x08002b52        0x2 
 .text.VL53L0X_calc_timeout_mclks
                0x08002b54       0x28 Application\User\vl53l0x\vl53l0x_api_core.o
                0x08002b54                VL53L0X_calc_timeout_mclks
 .text.VL53L0X_calc_timeout_us
                0x08002b7c       0x28 Application\User\vl53l0x\vl53l0x_api_core.o
                0x08002b7c                VL53L0X_calc_timeout_us
 .text.get_sequence_step_timeout
                0x08002ba4      0x108 Application\User\vl53l0x\vl53l0x_api_core.o
                0x08002ba4                get_sequence_step_timeout
 .text.set_sequence_step_timeout
                0x08002cac      0x110 Application\User\vl53l0x\vl53l0x_api_core.o
                0x08002cac                set_sequence_step_timeout
 .text.VL53L0X_set_vcsel_pulse_period
                0x08002dbc      0x216 Application\User\vl53l0x\vl53l0x_api_core.o
                0x08002dbc                VL53L0X_set_vcsel_pulse_period
 .text.VL53L0X_get_vcsel_pulse_period
                0x08002fd2       0x32 Application\User\vl53l0x\vl53l0x_api_core.o
                0x08002fd2                VL53L0X_get_vcsel_pulse_period
 .text.VL53L0X_set_measurement_timing_budget_micro_seconds
                0x08003004       0xc2 Application\User\vl53l0x\vl53l0x_api_core.o
                0x08003004                VL53L0X_set_measurement_timing_budget_micro_seconds
 .text.VL53L0X_get_measurement_timing_budget_micro_seconds
                0x080030c6       0xca Application\User\vl53l0x\vl53l0x_api_core.o
                0x080030c6                VL53L0X_get_measurement_timing_budget_micro_seconds
 .text.VL53L0X_load_tuning_settings
                0x08003190       0xa6 Application\User\vl53l0x\vl53l0x_api_core.o
                0x08003190                VL53L0X_load_tuning_settings
 .text.VL53L0X_get_total_xtalk_rate
                0x08003236       0x2c Application\User\vl53l0x\vl53l0x_api_core.o
                0x08003236                VL53L0X_get_total_xtalk_rate
 .text.VL53L0X_get_total_signal_rate
                0x08003262       0x1c Application\User\vl53l0x\vl53l0x_api_core.o
                0x08003262                VL53L0X_get_total_signal_rate
 *fill*         0x0800327e        0x2 
 .text.VL53L0X_calc_dmax
                0x08003280       0xcc Application\User\vl53l0x\vl53l0x_api_core.o
                0x08003280                VL53L0X_calc_dmax
 .text.VL53L0X_calc_sigma_estimate
                0x0800334c      0x1d8 Application\User\vl53l0x\vl53l0x_api_core.o
                0x0800334c                VL53L0X_calc_sigma_estimate
 .text.VL53L0X_get_pal_range_status
                0x08003524      0x204 Application\User\vl53l0x\vl53l0x_api_core.o
                0x08003524                VL53L0X_get_pal_range_status
 .text.VL53L0X_check_part_used
                0x08003728       0x38 Application\User\vl53l0x\vl53l0x_api_strings.o
                0x08003728                VL53L0X_check_part_used
 .text.VL53L0X_get_device_info
                0x08003760       0x84 Application\User\vl53l0x\vl53l0x_api_strings.o
                0x08003760                VL53L0X_get_device_info
 .text._I2CWrite
                0x080037e4       0x1e Application\User\vl53l0x\vl53l0x_tof.o
                0x080037e4                _I2CWrite
 .text._I2CRead
                0x08003802       0x20 Application\User\vl53l0x\vl53l0x_tof.o
                0x08003802                _I2CRead
 .text.VL53L0X_RdByte
                0x08003822       0x2a Application\User\vl53l0x\vl53l0x_tof.o
                0x08003822                VL53L0X_RdByte
 .text.VL53L0X_WriteMulti
                0x0800384c       0x3c Application\User\vl53l0x\vl53l0x_tof.o
                0x0800384c                VL53L0X_WriteMulti
 .text.VL53L0X_ReadMulti
                0x08003888       0x2c Application\User\vl53l0x\vl53l0x_tof.o
                0x08003888                VL53L0X_ReadMulti
 .text.VL53L0X_RdWord
                0x080038b4       0x40 Application\User\vl53l0x\vl53l0x_tof.o
                0x080038b4                VL53L0X_RdWord
 .text.VL53L0X_RdDWord
                0x080038f4       0x4c Application\User\vl53l0x\vl53l0x_tof.o
                0x080038f4                VL53L0X_RdDWord
 .text.VL53L0X_WrByte
                0x08003940       0x20 Application\User\vl53l0x\vl53l0x_tof.o
                0x08003940                VL53L0X_WrByte
 .text.VL53L0X_WrWord
                0x08003960       0x24 Application\User\vl53l0x\vl53l0x_tof.o
                0x08003960                VL53L0X_WrWord
 .text.VL53L0X_UpdateByte
                0x08003984       0x2c Application\User\vl53l0x\vl53l0x_tof.o
                0x08003984                VL53L0X_UpdateByte
 .text.VL53L0X_PollingDelay
                0x080039b0        0xc Application\User\vl53l0x\vl53l0x_tof.o
                0x080039b0                VL53L0X_PollingDelay
 .text.SetupSingleShot
                0x080039bc      0x108 Application\User\vl53l0x\vl53l0x_tof.o
                0x080039bc                SetupSingleShot
 .text.I2Cx_Init.constprop.8
                0x08003ac4       0xc0 Drivers\BSP\B-L475E-IOT01\stm32l475e_iot01.o
 .text.BSP_LED_Init
                0x08003b84       0x44 Drivers\BSP\B-L475E-IOT01\stm32l475e_iot01.o
                0x08003b84                BSP_LED_Init
 .text.BSP_PB_Init
                0x08003bc8       0x7c Drivers\BSP\B-L475E-IOT01\stm32l475e_iot01.o
                0x08003bc8                BSP_PB_Init
 .text.BSP_COM_Init
                0x08003c44       0x88 Drivers\BSP\B-L475E-IOT01\stm32l475e_iot01.o
                0x08003c44                BSP_COM_Init
 .text.SENSOR_IO_Init
                0x08003ccc        0x4 Drivers\BSP\B-L475E-IOT01\stm32l475e_iot01.o
                0x08003ccc                SENSOR_IO_Init
 .text.SENSOR_IO_Write
                0x08003cd0       0x34 Drivers\BSP\B-L475E-IOT01\stm32l475e_iot01.o
                0x08003cd0                SENSOR_IO_Write
 .text.SENSOR_IO_Read
                0x08003d04       0x3c Drivers\BSP\B-L475E-IOT01\stm32l475e_iot01.o
                0x08003d04                SENSOR_IO_Read
 .text.SENSOR_IO_ReadMultiple
                0x08003d40       0x30 Drivers\BSP\B-L475E-IOT01\stm32l475e_iot01.o
                0x08003d40                SENSOR_IO_ReadMultiple
 .text.BSP_ACCELERO_Init
                0x08003d70       0x28 Drivers\BSP\B-L475E-IOT01\stm32l475e_iot01_accelero.o
                0x08003d70                BSP_ACCELERO_Init
 .text.BSP_ACCELERO_AccGetXYZ
                0x08003d98       0x14 Drivers\BSP\B-L475E-IOT01\stm32l475e_iot01_accelero.o
                0x08003d98                BSP_ACCELERO_AccGetXYZ
 .text.BSP_GYRO_Init
                0x08003dac       0x28 Drivers\BSP\B-L475E-IOT01\stm32l475e_iot01_gyro.o
                0x08003dac                BSP_GYRO_Init
 .text.BSP_GYRO_GetXYZ
                0x08003dd4       0x14 Drivers\BSP\B-L475E-IOT01\stm32l475e_iot01_gyro.o
                0x08003dd4                BSP_GYRO_GetXYZ
 .text.BSP_HSENSOR_Init
                0x08003de8       0x28 Drivers\BSP\B-L475E-IOT01\stm32l475e_iot01_hsensor.o
                0x08003de8                BSP_HSENSOR_Init
 .text.BSP_HSENSOR_ReadHumidity
                0x08003e10       0x10 Drivers\BSP\B-L475E-IOT01\stm32l475e_iot01_hsensor.o
                0x08003e10                BSP_HSENSOR_ReadHumidity
 .text.BSP_MAGNETO_Init
                0x08003e20       0x48 Drivers\BSP\B-L475E-IOT01\stm32l475e_iot01_magneto.o
                0x08003e20                BSP_MAGNETO_Init
 .text.BSP_MAGNETO_GetXYZ
                0x08003e68       0x14 Drivers\BSP\B-L475E-IOT01\stm32l475e_iot01_magneto.o
                0x08003e68                BSP_MAGNETO_GetXYZ
 .text.BSP_PSENSOR_Init
                0x08003e7c       0x28 Drivers\BSP\B-L475E-IOT01\stm32l475e_iot01_psensor.o
                0x08003e7c                BSP_PSENSOR_Init
 .text.BSP_PSENSOR_ReadPressure
                0x08003ea4       0x10 Drivers\BSP\B-L475E-IOT01\stm32l475e_iot01_psensor.o
                0x08003ea4                BSP_PSENSOR_ReadPressure
 .text.BSP_TSENSOR_Init
                0x08003eb4       0x24 Drivers\BSP\B-L475E-IOT01\stm32l475e_iot01_tsensor.o
                0x08003eb4                BSP_TSENSOR_Init
 .text.BSP_TSENSOR_ReadTemp
                0x08003ed8       0x10 Drivers\BSP\B-L475E-IOT01\stm32l475e_iot01_tsensor.o
                0x08003ed8                BSP_TSENSOR_ReadTemp
 .text.HTS221_H_Init
                0x08003ee8       0x20 Drivers\BSP\Components\hts221\hts221.o
                0x08003ee8                HTS221_H_Init
 .text.HTS221_T_Init
                0x08003f08       0x20 Drivers\BSP\Components\hts221\hts221.o
                0x08003f08                HTS221_T_Init
 .text.HTS221_H_ReadID
                0x08003f28       0x14 Drivers\BSP\Components\hts221\hts221.o
                0x08003f28                HTS221_H_ReadID
 .text.HTS221_H_ReadHumidity
                0x08003f3c       0xe0 Drivers\BSP\Components\hts221\hts221.o
                0x08003f3c                HTS221_H_ReadHumidity
 .text.HTS221_T_ReadTemp
                0x0800401c       0xb4 Drivers\BSP\Components\hts221\hts221.o
                0x0800401c                HTS221_T_ReadTemp
 .text.LIS3MDL_MagInit
                0x080040d0       0x4a Drivers\BSP\Components\lis3mdl\lis3mdl.o
                0x080040d0                LIS3MDL_MagInit
 .text.LIS3MDL_MagDeInit
                0x0800411a       0x1e Drivers\BSP\Components\lis3mdl\lis3mdl.o
                0x0800411a                LIS3MDL_MagDeInit
 .text.LIS3MDL_MagLowPower
                0x08004138       0x22 Drivers\BSP\Components\lis3mdl\lis3mdl.o
                0x08004138                LIS3MDL_MagLowPower
 .text.LIS3MDL_MagReadID
                0x0800415a       0x12 Drivers\BSP\Components\lis3mdl\lis3mdl.o
                0x0800415a                LIS3MDL_MagReadID
 .text.LIS3MDL_MagReadXYZ
                0x0800416c       0xb8 Drivers\BSP\Components\lis3mdl\lis3mdl.o
                0x0800416c                LIS3MDL_MagReadXYZ
 .text.LPS22HB_P_ReadPressure
                0x08004224       0x5c Drivers\BSP\Components\lps22hb\lps22hb.o
                0x08004224                LPS22HB_P_ReadPressure
 .text.LPS22HB_T_ReadTemp
                0x08004280       0x36 Drivers\BSP\Components\lps22hb\lps22hb.o
                0x08004280                LPS22HB_T_ReadTemp
 .text.LPS22HB_Init
                0x080042b6       0x38 Drivers\BSP\Components\lps22hb\lps22hb.o
 .text.LPS22HB_P_Init
                0x080042ee        0x4 Drivers\BSP\Components\lps22hb\lps22hb.o
                0x080042ee                LPS22HB_P_Init
 .text.LPS22HB_T_Init
                0x080042f2        0x4 Drivers\BSP\Components\lps22hb\lps22hb.o
                0x080042f2                LPS22HB_T_Init
 .text.LPS22HB_P_ReadID
                0x080042f6       0x14 Drivers\BSP\Components\lps22hb\lps22hb.o
                0x080042f6                LPS22HB_P_ReadID
 .text.LSM6DSL_AccInit
                0x0800430a       0x38 Drivers\BSP\Components\lsm6dsl\lsm6dsl.o
                0x0800430a                LSM6DSL_AccInit
 .text.LSM6DSL_AccDeInit
                0x08004342       0x1a Drivers\BSP\Components\lsm6dsl\lsm6dsl.o
                0x08004342                LSM6DSL_AccDeInit
 .text.LSM6DSL_AccLowPower
                0x0800435c       0x22 Drivers\BSP\Components\lsm6dsl\lsm6dsl.o
                0x0800435c                LSM6DSL_AccLowPower
 .text.LSM6DSL_GyroInit
                0x0800437e       0x38 Drivers\BSP\Components\lsm6dsl\lsm6dsl.o
                0x0800437e                LSM6DSL_GyroInit
 .text.LSM6DSL_GyroDeInit
                0x080043b6       0x1a Drivers\BSP\Components\lsm6dsl\lsm6dsl.o
                0x080043b6                LSM6DSL_GyroDeInit
 .text.LSM6DSL_GyroLowPower
                0x080043d0       0x22 Drivers\BSP\Components\lsm6dsl\lsm6dsl.o
                0x080043d0                LSM6DSL_GyroLowPower
 .text.LSM6DSL_GyroReadID
                0x080043f2       0x12 Drivers\BSP\Components\lsm6dsl\lsm6dsl.o
                0x080043f2                LSM6DSL_GyroReadID
 .text.LSM6DSL_AccReadID
                0x08004404        0x4 Drivers\BSP\Components\lsm6dsl\lsm6dsl.o
                0x08004404                LSM6DSL_AccReadID
 .text.LSM6DSL_AccReadXYZ
                0x08004408       0x88 Drivers\BSP\Components\lsm6dsl\lsm6dsl.o
                0x08004408                LSM6DSL_AccReadXYZ
 .text.LSM6DSL_GyroReadXYZAngRate
                0x08004490       0x80 Drivers\BSP\Components\lsm6dsl\lsm6dsl.o
                0x08004490                LSM6DSL_GyroReadXYZAngRate
 .text.SystemInit
                0x08004510       0x48 Drivers\CMSIS\system_stm32l4xx.o
                0x08004510                SystemInit
 .text.HAL_MspInit
                0x08004558        0x2 Drivers\STM32L4xx_HAL_Driver\stm32l4xx_hal.o
                0x08004558                HAL_MspInit
 *fill*         0x0800455a        0x2 
 .text.HAL_InitTick
                0x0800455c       0x30 Drivers\STM32L4xx_HAL_Driver\stm32l4xx_hal.o
                0x0800455c                HAL_InitTick
 .text.HAL_Init
                0x0800458c       0x1e Drivers\STM32L4xx_HAL_Driver\stm32l4xx_hal.o
                0x0800458c                HAL_Init
 *fill*         0x080045aa        0x2 
 .text.HAL_IncTick
                0x080045ac       0x10 Drivers\STM32L4xx_HAL_Driver\stm32l4xx_hal.o
                0x080045ac                HAL_IncTick
 .text.HAL_GetTick
                0x080045bc        0xc Drivers\STM32L4xx_HAL_Driver\stm32l4xx_hal.o
                0x080045bc                HAL_GetTick
 .text.HAL_Delay
                0x080045c8       0x1c Drivers\STM32L4xx_HAL_Driver\stm32l4xx_hal.o
                0x080045c8                HAL_Delay
 .text.HAL_NVIC_SetPriorityGrouping
                0x080045e4       0x24 Drivers\STM32L4xx_HAL_Driver\stm32l4xx_hal_cortex.o
                0x080045e4                HAL_NVIC_SetPriorityGrouping
 .text.HAL_NVIC_SetPriority
                0x08004608       0x68 Drivers\STM32L4xx_HAL_Driver\stm32l4xx_hal_cortex.o
                0x08004608                HAL_NVIC_SetPriority
 .text.HAL_NVIC_EnableIRQ
                0x08004670       0x18 Drivers\STM32L4xx_HAL_Driver\stm32l4xx_hal_cortex.o
                0x08004670                HAL_NVIC_EnableIRQ
 .text.HAL_SYSTICK_Config
                0x08004688       0x2c Drivers\STM32L4xx_HAL_Driver\stm32l4xx_hal_cortex.o
                0x08004688                HAL_SYSTICK_Config
 .text.HAL_GPIO_Init
                0x080046b4      0x1b8 Drivers\STM32L4xx_HAL_Driver\stm32l4xx_hal_gpio.o
                0x080046b4                HAL_GPIO_Init
 .text.HAL_GPIO_WritePin
                0x0800486c        0xa Drivers\STM32L4xx_HAL_Driver\stm32l4xx_hal_gpio.o
                0x0800486c                HAL_GPIO_WritePin
 .text.I2C_Flush_TXDR
                0x08004876       0x1c Drivers\STM32L4xx_HAL_Driver\stm32l4xx_hal_i2c.o
 .text.I2C_TransferConfig
                0x08004892       0x34 Drivers\STM32L4xx_HAL_Driver\stm32l4xx_hal_i2c.o
 .text.I2C_WaitOnFlagUntilTimeout
                0x080048c6       0x56 Drivers\STM32L4xx_HAL_Driver\stm32l4xx_hal_i2c.o
 .text.I2C_IsAcknowledgeFailed
                0x0800491c       0x7a Drivers\STM32L4xx_HAL_Driver\stm32l4xx_hal_i2c.o
 .text.I2C_WaitOnTXISFlagUntilTimeout
                0x08004996       0x4e Drivers\STM32L4xx_HAL_Driver\stm32l4xx_hal_i2c.o
 .text.I2C_RequestMemoryWrite
                0x080049e4       0x64 Drivers\STM32L4xx_HAL_Driver\stm32l4xx_hal_i2c.o
 .text.I2C_RequestMemoryRead
                0x08004a48       0x64 Drivers\STM32L4xx_HAL_Driver\stm32l4xx_hal_i2c.o
 .text.I2C_WaitOnSTOPFlagUntilTimeout
                0x08004aac       0x4a Drivers\STM32L4xx_HAL_Driver\stm32l4xx_hal_i2c.o
 .text.I2C_WaitOnRXNEFlagUntilTimeout
                0x08004af6       0x7e Drivers\STM32L4xx_HAL_Driver\stm32l4xx_hal_i2c.o
 .text.HAL_I2C_MspInit
                0x08004b74        0x2 Drivers\STM32L4xx_HAL_Driver\stm32l4xx_hal_i2c.o
                0x08004b74                HAL_I2C_MspInit
 .text.HAL_I2C_Init
                0x08004b76       0xa2 Drivers\STM32L4xx_HAL_Driver\stm32l4xx_hal_i2c.o
                0x08004b76                HAL_I2C_Init
 .text.HAL_I2C_MspDeInit
                0x08004c18        0x2 Drivers\STM32L4xx_HAL_Driver\stm32l4xx_hal_i2c.o
                0x08004c18                HAL_I2C_MspDeInit
 .text.HAL_I2C_DeInit
                0x08004c1a       0x32 Drivers\STM32L4xx_HAL_Driver\stm32l4xx_hal_i2c.o
                0x08004c1a                HAL_I2C_DeInit
 .text.HAL_I2C_Master_Transmit
                0x08004c4c      0x128 Drivers\STM32L4xx_HAL_Driver\stm32l4xx_hal_i2c.o
                0x08004c4c                HAL_I2C_Master_Transmit
 .text.HAL_I2C_Master_Receive
                0x08004d74      0x12c Drivers\STM32L4xx_HAL_Driver\stm32l4xx_hal_i2c.o
                0x08004d74                HAL_I2C_Master_Receive
 .text.HAL_I2C_Mem_Write
                0x08004ea0      0x16e Drivers\STM32L4xx_HAL_Driver\stm32l4xx_hal_i2c.o
                0x08004ea0                HAL_I2C_Mem_Write
 *fill*         0x0800500e        0x2 
 .text.HAL_I2C_Mem_Read
                0x08005010      0x17c Drivers\STM32L4xx_HAL_Driver\stm32l4xx_hal_i2c.o
                0x08005010                HAL_I2C_Mem_Read
 .text.HAL_I2CEx_ConfigAnalogFilter
                0x0800518c       0x4c Drivers\STM32L4xx_HAL_Driver\stm32l4xx_hal_i2c_ex.o
                0x0800518c                HAL_I2CEx_ConfigAnalogFilter
 .text.HAL_PWREx_GetVoltageRange
                0x080051d8       0x10 Drivers\STM32L4xx_HAL_Driver\stm32l4xx_hal_pwr_ex.o
                0x080051d8                HAL_PWREx_GetVoltageRange
 .text.RCC_SetFlashLatencyFromMSIRange
                0x080051e8       0x84 Drivers\STM32L4xx_HAL_Driver\stm32l4xx_hal_rcc.o
 .text.HAL_RCC_GetSysClockFreq
                0x0800526c       0xa8 Drivers\STM32L4xx_HAL_Driver\stm32l4xx_hal_rcc.o
                0x0800526c                HAL_RCC_GetSysClockFreq
 .text.HAL_RCC_OscConfig
                0x08005314      0x44c Drivers\STM32L4xx_HAL_Driver\stm32l4xx_hal_rcc.o
                0x08005314                HAL_RCC_OscConfig
 .text.HAL_RCC_ClockConfig
                0x08005760      0x124 Drivers\STM32L4xx_HAL_Driver\stm32l4xx_hal_rcc.o
                0x08005760                HAL_RCC_ClockConfig
 .text.HAL_RCC_GetPCLK1Freq
                0x08005884       0x24 Drivers\STM32L4xx_HAL_Driver\stm32l4xx_hal_rcc.o
                0x08005884                HAL_RCC_GetPCLK1Freq
 .text.HAL_RCC_GetPCLK2Freq
                0x080058a8       0x24 Drivers\STM32L4xx_HAL_Driver\stm32l4xx_hal_rcc.o
                0x080058a8                HAL_RCC_GetPCLK2Freq
 .text.HAL_UART_MspInit
                0x080058cc        0x2 Drivers\STM32L4xx_HAL_Driver\stm32l4xx_hal_uart.o
                0x080058cc                HAL_UART_MspInit
 *fill*         0x080058ce        0x2 
 .text.UART_SetConfig
                0x080058d0      0x330 Drivers\STM32L4xx_HAL_Driver\stm32l4xx_hal_uart.o
                0x080058d0                UART_SetConfig
 .text.UART_AdvFeatureConfig
                0x08005c00       0xa8 Drivers\STM32L4xx_HAL_Driver\stm32l4xx_hal_uart.o
                0x08005c00                UART_AdvFeatureConfig
 .text.UART_WaitOnFlagUntilTimeout
                0x08005ca8       0x62 Drivers\STM32L4xx_HAL_Driver\stm32l4xx_hal_uart.o
                0x08005ca8                UART_WaitOnFlagUntilTimeout
 .text.HAL_UART_Transmit
                0x08005d0a       0xae Drivers\STM32L4xx_HAL_Driver\stm32l4xx_hal_uart.o
                0x08005d0a                HAL_UART_Transmit
 .text.HAL_UART_Receive
                0x08005db8       0xde Drivers\STM32L4xx_HAL_Driver\stm32l4xx_hal_uart.o
                0x08005db8                HAL_UART_Receive
 .text.UART_CheckIdleState
                0x08005e96       0x64 Drivers\STM32L4xx_HAL_Driver\stm32l4xx_hal_uart.o
                0x08005e96                UART_CheckIdleState
 .text.HAL_UART_Init
                0x08005efa       0x64 Drivers\STM32L4xx_HAL_Driver\stm32l4xx_hal_uart.o
                0x08005efa                HAL_UART_Init
 *fill*         0x08005f5e        0x2 
 .text.__errno  0x08005f60        0xc c:/program files (x86)/atollic/truestudio for stm32 9.2.0/armtools/bin/../lib/gcc/arm-atollic-eabi/6.3.1/../../../../arm-atollic-eabi/lib/armv7e-m/fpu\libc_nano.a(lib_a-errno.o)
                0x08005f60                __errno
 .text.__libc_init_array
                0x08005f6c       0x48 c:/program files (x86)/atollic/truestudio for stm32 9.2.0/armtools/bin/../lib/gcc/arm-atollic-eabi/6.3.1/../../../../arm-atollic-eabi/lib/armv7e-m/fpu\libc_nano.a(lib_a-init.o)
                0x08005f6c                __libc_init_array
 .text.memcpy   0x08005fb4       0x16 c:/program files (x86)/atollic/truestudio for stm32 9.2.0/armtools/bin/../lib/gcc/arm-atollic-eabi/6.3.1/../../../../arm-atollic-eabi/lib/armv7e-m/fpu\libc_nano.a(lib_a-memcpy-stub.o)
                0x08005fb4                memcpy
 .text.memset   0x08005fca       0x10 c:/program files (x86)/atollic/truestudio for stm32 9.2.0/armtools/bin/../lib/gcc/arm-atollic-eabi/6.3.1/../../../../arm-atollic-eabi/lib/armv7e-m/fpu\libc_nano.a(lib_a-memset.o)
                0x08005fca                memset
 .text.__cvt    0x08005fda       0xc2 c:/program files (x86)/atollic/truestudio for stm32 9.2.0/armtools/bin/../lib/gcc/arm-atollic-eabi/6.3.1/../../../../arm-atollic-eabi/lib/armv7e-m/fpu\libc_nano.a(lib_a-nano-vfprintf_float.o)
                0x08005fda                __cvt
 .text.__exponent
                0x0800609c       0x6a c:/program files (x86)/atollic/truestudio for stm32 9.2.0/armtools/bin/../lib/gcc/arm-atollic-eabi/6.3.1/../../../../arm-atollic-eabi/lib/armv7e-m/fpu\libc_nano.a(lib_a-nano-vfprintf_float.o)
                0x0800609c                __exponent
 *fill*         0x08006106        0x2 
 .text._printf_float
                0x08006108      0x480 c:/program files (x86)/atollic/truestudio for stm32 9.2.0/armtools/bin/../lib/gcc/arm-atollic-eabi/6.3.1/../../../../arm-atollic-eabi/lib/armv7e-m/fpu\libc_nano.a(lib_a-nano-vfprintf_float.o)
                0x08006108                _printf_float
 .text._printf_common
                0x08006588       0xec c:/program files (x86)/atollic/truestudio for stm32 9.2.0/armtools/bin/../lib/gcc/arm-atollic-eabi/6.3.1/../../../../arm-atollic-eabi/lib/armv7e-m/fpu\libc_nano.a(lib_a-nano-vfprintf_i.o)
                0x08006588                _printf_common
 .text._printf_i
                0x08006674      0x240 c:/program files (x86)/atollic/truestudio for stm32 9.2.0/armtools/bin/../lib/gcc/arm-atollic-eabi/6.3.1/../../../../arm-atollic-eabi/lib/armv7e-m/fpu\libc_nano.a(lib_a-nano-vfprintf_i.o)
                0x08006674                _printf_i
 .text.printf   0x080068b4       0x30 c:/program files (x86)/atollic/truestudio for stm32 9.2.0/armtools/bin/../lib/gcc/arm-atollic-eabi/6.3.1/../../../../arm-atollic-eabi/lib/armv7e-m/fpu\libc_nano.a(lib_a-printf.o)
                0x080068b4                iprintf
                0x080068b4                printf
 .text._puts_r  0x080068e4       0xb8 c:/program files (x86)/atollic/truestudio for stm32 9.2.0/armtools/bin/../lib/gcc/arm-atollic-eabi/6.3.1/../../../../arm-atollic-eabi/lib/armv7e-m/fpu\libc_nano.a(lib_a-puts.o)
                0x080068e4                _puts_r
 .text.puts     0x0800699c       0x10 c:/program files (x86)/atollic/truestudio for stm32 9.2.0/armtools/bin/../lib/gcc/arm-atollic-eabi/6.3.1/../../../../arm-atollic-eabi/lib/armv7e-m/fpu\libc_nano.a(lib_a-puts.o)
                0x0800699c                puts
 .text.__srget_r
                0x080069ac       0x58 c:/program files (x86)/atollic/truestudio for stm32 9.2.0/armtools/bin/../lib/gcc/arm-atollic-eabi/6.3.1/../../../../arm-atollic-eabi/lib/armv7e-m/fpu\libc_nano.a(lib_a-rget.o)
                0x080069ac                __srget_r
 .text.strcpy   0x08006a04       0x10 c:/program files (x86)/atollic/truestudio for stm32 9.2.0/armtools/bin/../lib/gcc/arm-atollic-eabi/6.3.1/../../../../arm-atollic-eabi/lib/armv7e-m/fpu\libc_nano.a(lib_a-strcpy.o)
                0x08006a04                strcpy
 .text.__swbuf_r
                0x08006a14       0xa4 c:/program files (x86)/atollic/truestudio for stm32 9.2.0/armtools/bin/../lib/gcc/arm-atollic-eabi/6.3.1/../../../../arm-atollic-eabi/lib/armv7e-m/fpu\libc_nano.a(lib_a-wbuf.o)
                0x08006a14                __swbuf_r
 .text.__swsetup_r
                0x08006ab8       0xdc c:/program files (x86)/atollic/truestudio for stm32 9.2.0/armtools/bin/../lib/gcc/arm-atollic-eabi/6.3.1/../../../../arm-atollic-eabi/lib/armv7e-m/fpu\libc_nano.a(lib_a-wsetup.o)
                0x08006ab8                __swsetup_r
 .text.quorem   0x08006b94      0x118 c:/program files (x86)/atollic/truestudio for stm32 9.2.0/armtools/bin/../lib/gcc/arm-atollic-eabi/6.3.1/../../../../arm-atollic-eabi/lib/armv7e-m/fpu\libc_nano.a(lib_a-dtoa.o)
 *fill*         0x08006cac        0x4 
 .text._dtoa_r  0x08006cb0      0xb9c c:/program files (x86)/atollic/truestudio for stm32 9.2.0/armtools/bin/../lib/gcc/arm-atollic-eabi/6.3.1/../../../../arm-atollic-eabi/lib/armv7e-m/fpu\libc_nano.a(lib_a-dtoa.o)
                0x08006cb0                _dtoa_r
 .text.__sflush_r
                0x0800784c      0x110 c:/program files (x86)/atollic/truestudio for stm32 9.2.0/armtools/bin/../lib/gcc/arm-atollic-eabi/6.3.1/../../../../arm-atollic-eabi/lib/armv7e-m/fpu\libc_nano.a(lib_a-fflush.o)
                0x0800784c                __sflush_r
 .text._fflush_r
                0x0800795c       0x54 c:/program files (x86)/atollic/truestudio for stm32 9.2.0/armtools/bin/../lib/gcc/arm-atollic-eabi/6.3.1/../../../../arm-atollic-eabi/lib/armv7e-m/fpu\libc_nano.a(lib_a-fflush.o)
                0x0800795c                _fflush_r
 .text.fflush   0x080079b0       0x24 c:/program files (x86)/atollic/truestudio for stm32 9.2.0/armtools/bin/../lib/gcc/arm-atollic-eabi/6.3.1/../../../../arm-atollic-eabi/lib/armv7e-m/fpu\libc_nano.a(lib_a-fflush.o)
                0x080079b0                fflush
 .text._cleanup_r
                0x080079d4        0xc c:/program files (x86)/atollic/truestudio for stm32 9.2.0/armtools/bin/../lib/gcc/arm-atollic-eabi/6.3.1/../../../../arm-atollic-eabi/lib/armv7e-m/fpu\libc_nano.a(lib_a-findfp.o)
                0x080079d4                _cleanup_r
 .text.std.isra.0
                0x080079e0       0x48 c:/program files (x86)/atollic/truestudio for stm32 9.2.0/armtools/bin/../lib/gcc/arm-atollic-eabi/6.3.1/../../../../arm-atollic-eabi/lib/armv7e-m/fpu\libc_nano.a(lib_a-findfp.o)
 .text.__sfmoreglue
                0x08007a28       0x2c c:/program files (x86)/atollic/truestudio for stm32 9.2.0/armtools/bin/../lib/gcc/arm-atollic-eabi/6.3.1/../../../../arm-atollic-eabi/lib/armv7e-m/fpu\libc_nano.a(lib_a-findfp.o)
                0x08007a28                __sfmoreglue
 .text.__sinit  0x08007a54       0x60 c:/program files (x86)/atollic/truestudio for stm32 9.2.0/armtools/bin/../lib/gcc/arm-atollic-eabi/6.3.1/../../../../arm-atollic-eabi/lib/armv7e-m/fpu\libc_nano.a(lib_a-findfp.o)
                0x08007a54                __sinit
 .text.__sfp    0x08007ab4       0x78 c:/program files (x86)/atollic/truestudio for stm32 9.2.0/armtools/bin/../lib/gcc/arm-atollic-eabi/6.3.1/../../../../arm-atollic-eabi/lib/armv7e-m/fpu\libc_nano.a(lib_a-findfp.o)
                0x08007ab4                __sfp
 .text._fwalk   0x08007b2c       0x38 c:/program files (x86)/atollic/truestudio for stm32 9.2.0/armtools/bin/../lib/gcc/arm-atollic-eabi/6.3.1/../../../../arm-atollic-eabi/lib/armv7e-m/fpu\libc_nano.a(lib_a-fwalk.o)
                0x08007b2c                _fwalk
 .text._fwalk_reent
                0x08007b64       0x3c c:/program files (x86)/atollic/truestudio for stm32 9.2.0/armtools/bin/../lib/gcc/arm-atollic-eabi/6.3.1/../../../../arm-atollic-eabi/lib/armv7e-m/fpu\libc_nano.a(lib_a-fwalk.o)
                0x08007b64                _fwalk_reent
 .text._localeconv_r
                0x08007ba0       0x1c c:/program files (x86)/atollic/truestudio for stm32 9.2.0/armtools/bin/../lib/gcc/arm-atollic-eabi/6.3.1/../../../../arm-atollic-eabi/lib/armv7e-m/fpu\libc_nano.a(lib_a-localeconv.o)
                0x08007ba0                _localeconv_r
 .text.__swhatbuf_r
                0x08007bbc       0x48 c:/program files (x86)/atollic/truestudio for stm32 9.2.0/armtools/bin/../lib/gcc/arm-atollic-eabi/6.3.1/../../../../arm-atollic-eabi/lib/armv7e-m/fpu\libc_nano.a(lib_a-makebuf.o)
                0x08007bbc                __swhatbuf_r
 .text.__smakebuf_r
                0x08007c04       0x80 c:/program files (x86)/atollic/truestudio for stm32 9.2.0/armtools/bin/../lib/gcc/arm-atollic-eabi/6.3.1/../../../../arm-atollic-eabi/lib/armv7e-m/fpu\libc_nano.a(lib_a-makebuf.o)
                0x08007c04                __smakebuf_r
 .text.malloc   0x08007c84       0x10 c:/program files (x86)/atollic/truestudio for stm32 9.2.0/armtools/bin/../lib/gcc/arm-atollic-eabi/6.3.1/../../../../arm-atollic-eabi/lib/armv7e-m/fpu\libc_nano.a(lib_a-malloc.o)
                0x08007c84                malloc
 .text._Balloc  0x08007c94       0x68 c:/program files (x86)/atollic/truestudio for stm32 9.2.0/armtools/bin/../lib/gcc/arm-atollic-eabi/6.3.1/../../../../arm-atollic-eabi/lib/armv7e-m/fpu\libc_nano.a(lib_a-mprec.o)
                0x08007c94                _Balloc
 .text._Bfree   0x08007cfc       0x2e c:/program files (x86)/atollic/truestudio for stm32 9.2.0/armtools/bin/../lib/gcc/arm-atollic-eabi/6.3.1/../../../../arm-atollic-eabi/lib/armv7e-m/fpu\libc_nano.a(lib_a-mprec.o)
                0x08007cfc                _Bfree
 .text.__multadd
                0x08007d2a       0x76 c:/program files (x86)/atollic/truestudio for stm32 9.2.0/armtools/bin/../lib/gcc/arm-atollic-eabi/6.3.1/../../../../arm-atollic-eabi/lib/armv7e-m/fpu\libc_nano.a(lib_a-mprec.o)
                0x08007d2a                __multadd
 .text.__hi0bits
                0x08007da0       0x3e c:/program files (x86)/atollic/truestudio for stm32 9.2.0/armtools/bin/../lib/gcc/arm-atollic-eabi/6.3.1/../../../../arm-atollic-eabi/lib/armv7e-m/fpu\libc_nano.a(lib_a-mprec.o)
                0x08007da0                __hi0bits
 .text.__lo0bits
                0x08007dde       0x5e c:/program files (x86)/atollic/truestudio for stm32 9.2.0/armtools/bin/../lib/gcc/arm-atollic-eabi/6.3.1/../../../../arm-atollic-eabi/lib/armv7e-m/fpu\libc_nano.a(lib_a-mprec.o)
                0x08007dde                __lo0bits
 .text.__i2b    0x08007e3c       0x12 c:/program files (x86)/atollic/truestudio for stm32 9.2.0/armtools/bin/../lib/gcc/arm-atollic-eabi/6.3.1/../../../../arm-atollic-eabi/lib/armv7e-m/fpu\libc_nano.a(lib_a-mprec.o)
                0x08007e3c                __i2b
 .text.__multiply
                0x08007e4e      0x11a c:/program files (x86)/atollic/truestudio for stm32 9.2.0/armtools/bin/../lib/gcc/arm-atollic-eabi/6.3.1/../../../../arm-atollic-eabi/lib/armv7e-m/fpu\libc_nano.a(lib_a-mprec.o)
                0x08007e4e                __multiply
 .text.__pow5mult
                0x08007f68       0x9c c:/program files (x86)/atollic/truestudio for stm32 9.2.0/armtools/bin/../lib/gcc/arm-atollic-eabi/6.3.1/../../../../arm-atollic-eabi/lib/armv7e-m/fpu\libc_nano.a(lib_a-mprec.o)
                0x08007f68                __pow5mult
 .text.__lshift
                0x08008004       0xa2 c:/program files (x86)/atollic/truestudio for stm32 9.2.0/armtools/bin/../lib/gcc/arm-atollic-eabi/6.3.1/../../../../arm-atollic-eabi/lib/armv7e-m/fpu\libc_nano.a(lib_a-mprec.o)
                0x08008004                __lshift
 .text.__mcmp   0x080080a6       0x34 c:/program files (x86)/atollic/truestudio for stm32 9.2.0/armtools/bin/../lib/gcc/arm-atollic-eabi/6.3.1/../../../../arm-atollic-eabi/lib/armv7e-m/fpu\libc_nano.a(lib_a-mprec.o)
                0x080080a6                __mcmp
 .text.__mdiff  0x080080da       0xbc c:/program files (x86)/atollic/truestudio for stm32 9.2.0/armtools/bin/../lib/gcc/arm-atollic-eabi/6.3.1/../../../../arm-atollic-eabi/lib/armv7e-m/fpu\libc_nano.a(lib_a-mprec.o)
                0x080080da                __mdiff
 .text.__d2b    0x08008196       0x9e c:/program files (x86)/atollic/truestudio for stm32 9.2.0/armtools/bin/../lib/gcc/arm-atollic-eabi/6.3.1/../../../../arm-atollic-eabi/lib/armv7e-m/fpu\libc_nano.a(lib_a-mprec.o)
                0x08008196                __d2b
 .text._calloc_r
                0x08008234       0x1c c:/program files (x86)/atollic/truestudio for stm32 9.2.0/armtools/bin/../lib/gcc/arm-atollic-eabi/6.3.1/../../../../arm-atollic-eabi/lib/armv7e-m/fpu\libc_nano.a(lib_a-nano-callocr.o)
                0x08008234                _calloc_r
 .text._free_r  0x08008250       0x9c c:/program files (x86)/atollic/truestudio for stm32 9.2.0/armtools/bin/../lib/gcc/arm-atollic-eabi/6.3.1/../../../../arm-atollic-eabi/lib/armv7e-m/fpu\libc_nano.a(lib_a-nano-freer.o)
                0x08008250                _free_r
 .text._malloc_r
                0x080082ec       0xbc c:/program files (x86)/atollic/truestudio for stm32 9.2.0/armtools/bin/../lib/gcc/arm-atollic-eabi/6.3.1/../../../../arm-atollic-eabi/lib/armv7e-m/fpu\libc_nano.a(lib_a-nano-mallocr.o)
                0x080082ec                _malloc_r
 .text.__sfputc_r
                0x080083a8       0x30 c:/program files (x86)/atollic/truestudio for stm32 9.2.0/armtools/bin/../lib/gcc/arm-atollic-eabi/6.3.1/../../../../arm-atollic-eabi/lib/armv7e-m/fpu\libc_nano.a(lib_a-nano-vfprintf.o)
 .text.__sfputs_r
                0x080083d8       0x24 c:/program files (x86)/atollic/truestudio for stm32 9.2.0/armtools/bin/../lib/gcc/arm-atollic-eabi/6.3.1/../../../../arm-atollic-eabi/lib/armv7e-m/fpu\libc_nano.a(lib_a-nano-vfprintf.o)
                0x080083d8                __sfputs_r
 .text._vfprintf_r
                0x080083fc      0x22c c:/program files (x86)/atollic/truestudio for stm32 9.2.0/armtools/bin/../lib/gcc/arm-atollic-eabi/6.3.1/../../../../arm-atollic-eabi/lib/armv7e-m/fpu\libc_nano.a(lib_a-nano-vfprintf.o)
                0x080083fc                _vfprintf_r
                0x080083fc                _vfiprintf_r
 .text.lflush   0x08008628       0x12 c:/program files (x86)/atollic/truestudio for stm32 9.2.0/armtools/bin/../lib/gcc/arm-atollic-eabi/6.3.1/../../../../arm-atollic-eabi/lib/armv7e-m/fpu\libc_nano.a(lib_a-refill.o)
 *fill*         0x0800863a        0x2 
 .text.__srefill_r
                0x0800863c      0x114 c:/program files (x86)/atollic/truestudio for stm32 9.2.0/armtools/bin/../lib/gcc/arm-atollic-eabi/6.3.1/../../../../arm-atollic-eabi/lib/armv7e-m/fpu\libc_nano.a(lib_a-refill.o)
                0x0800863c                __srefill_r
 .text._sbrk_r  0x08008750       0x20 c:/program files (x86)/atollic/truestudio for stm32 9.2.0/armtools/bin/../lib/gcc/arm-atollic-eabi/6.3.1/../../../../arm-atollic-eabi/lib/armv7e-m/fpu\libc_nano.a(lib_a-sbrkr.o)
                0x08008750                _sbrk_r
 .text.__sread  0x08008770       0x22 c:/program files (x86)/atollic/truestudio for stm32 9.2.0/armtools/bin/../lib/gcc/arm-atollic-eabi/6.3.1/../../../../arm-atollic-eabi/lib/armv7e-m/fpu\libc_nano.a(lib_a-stdio.o)
                0x08008770                __sread
 .text.__swrite
                0x08008792       0x38 c:/program files (x86)/atollic/truestudio for stm32 9.2.0/armtools/bin/../lib/gcc/arm-atollic-eabi/6.3.1/../../../../arm-atollic-eabi/lib/armv7e-m/fpu\libc_nano.a(lib_a-stdio.o)
                0x08008792                __swrite
 .text.__sseek  0x080087ca       0x24 c:/program files (x86)/atollic/truestudio for stm32 9.2.0/armtools/bin/../lib/gcc/arm-atollic-eabi/6.3.1/../../../../arm-atollic-eabi/lib/armv7e-m/fpu\libc_nano.a(lib_a-stdio.o)
                0x080087ca                __sseek
 .text.__sclose
                0x080087ee        0x8 c:/program files (x86)/atollic/truestudio for stm32 9.2.0/armtools/bin/../lib/gcc/arm-atollic-eabi/6.3.1/../../../../arm-atollic-eabi/lib/armv7e-m/fpu\libc_nano.a(lib_a-stdio.o)
                0x080087ee                __sclose
 *fill*         0x080087f6        0x2 
 .text._write_r
                0x080087f8       0x24 c:/program files (x86)/atollic/truestudio for stm32 9.2.0/armtools/bin/../lib/gcc/arm-atollic-eabi/6.3.1/../../../../arm-atollic-eabi/lib/armv7e-m/fpu\libc_nano.a(lib_a-writer.o)
                0x080087f8                _write_r
 .text._close_r
                0x0800881c       0x20 c:/program files (x86)/atollic/truestudio for stm32 9.2.0/armtools/bin/../lib/gcc/arm-atollic-eabi/6.3.1/../../../../arm-atollic-eabi/lib/armv7e-m/fpu\libc_nano.a(lib_a-closer.o)
                0x0800881c                _close_r
 .text._fstat_r
                0x0800883c       0x24 c:/program files (x86)/atollic/truestudio for stm32 9.2.0/armtools/bin/../lib/gcc/arm-atollic-eabi/6.3.1/../../../../arm-atollic-eabi/lib/armv7e-m/fpu\libc_nano.a(lib_a-fstatr.o)
                0x0800883c                _fstat_r
 .text._isatty_r
                0x08008860       0x20 c:/program files (x86)/atollic/truestudio for stm32 9.2.0/armtools/bin/../lib/gcc/arm-atollic-eabi/6.3.1/../../../../arm-atollic-eabi/lib/armv7e-m/fpu\libc_nano.a(lib_a-isattyr.o)
                0x08008860                _isatty_r
 .text._lseek_r
                0x08008880       0x24 c:/program files (x86)/atollic/truestudio for stm32 9.2.0/armtools/bin/../lib/gcc/arm-atollic-eabi/6.3.1/../../../../arm-atollic-eabi/lib/armv7e-m/fpu\libc_nano.a(lib_a-lseekr.o)
                0x08008880                _lseek_r
 .text.__ascii_mbtowc
                0x080088a4       0x24 c:/program files (x86)/atollic/truestudio for stm32 9.2.0/armtools/bin/../lib/gcc/arm-atollic-eabi/6.3.1/../../../../arm-atollic-eabi/lib/armv7e-m/fpu\libc_nano.a(lib_a-mbtowc_r.o)
                0x080088a4                __ascii_mbtowc
 .text.__malloc_lock
                0x080088c8        0x2 c:/program files (x86)/atollic/truestudio for stm32 9.2.0/armtools/bin/../lib/gcc/arm-atollic-eabi/6.3.1/../../../../arm-atollic-eabi/lib/armv7e-m/fpu\libc_nano.a(lib_a-mlock.o)
                0x080088c8                __malloc_lock
 .text.__malloc_unlock
                0x080088ca        0x2 c:/program files (x86)/atollic/truestudio for stm32 9.2.0/armtools/bin/../lib/gcc/arm-atollic-eabi/6.3.1/../../../../arm-atollic-eabi/lib/armv7e-m/fpu\libc_nano.a(lib_a-mlock.o)
                0x080088ca                __malloc_unlock
 .text._read_r  0x080088cc       0x24 c:/program files (x86)/atollic/truestudio for stm32 9.2.0/armtools/bin/../lib/gcc/arm-atollic-eabi/6.3.1/../../../../arm-atollic-eabi/lib/armv7e-m/fpu\libc_nano.a(lib_a-readr.o)
                0x080088cc                _read_r
 .text.__ascii_wctomb
                0x080088f0       0x1a c:/program files (x86)/atollic/truestudio for stm32 9.2.0/armtools/bin/../lib/gcc/arm-atollic-eabi/6.3.1/../../../../arm-atollic-eabi/lib/armv7e-m/fpu\libc_nano.a(lib_a-wctomb_r.o)
                0x080088f0                __ascii_wctomb
 *(.glue_7)
 .glue_7        0x0800890a        0x0 linker stubs
 *(.glue_7t)
 .glue_7t       0x0800890a        0x0 linker stubs
 *(.eh_frame)
 *fill*         0x0800890a        0x2 
 .eh_frame      0x0800890c        0x0 c:/program files (x86)/atollic/truestudio for stm32 9.2.0/armtools/bin/../lib/gcc/arm-atollic-eabi/6.3.1/armv7e-m/fpu/crtbegin.o
 *(.init)
 .init          0x0800890c        0x4 c:/program files (x86)/atollic/truestudio for stm32 9.2.0/armtools/bin/../lib/gcc/arm-atollic-eabi/6.3.1/armv7e-m/fpu/crti.o
                0x0800890c                _init
 .init          0x08008910        0x8 c:/program files (x86)/atollic/truestudio for stm32 9.2.0/armtools/bin/../lib/gcc/arm-atollic-eabi/6.3.1/armv7e-m/fpu/crtn.o
 *(.fini)
 .fini          0x08008918        0x4 c:/program files (x86)/atollic/truestudio for stm32 9.2.0/armtools/bin/../lib/gcc/arm-atollic-eabi/6.3.1/armv7e-m/fpu/crti.o
                0x08008918                _fini
 .fini          0x0800891c        0x8 c:/program files (x86)/atollic/truestudio for stm32 9.2.0/armtools/bin/../lib/gcc/arm-atollic-eabi/6.3.1/armv7e-m/fpu/crtn.o
                0x08008928                . = ALIGN (0x8)
 *fill*         0x08008924        0x4 
                0x08008928                _etext = .

.vfp11_veneer   0x08008928        0x0
 .vfp11_veneer  0x08008928        0x0 linker stubs

.v4_bx          0x08008928        0x0
 .v4_bx         0x08008928        0x0 linker stubs

.iplt           0x08008928        0x0
 .iplt          0x08008928        0x0 c:/program files (x86)/atollic/truestudio for stm32 9.2.0/armtools/bin/../lib/gcc/arm-atollic-eabi/6.3.1/armv7e-m/fpu/crtbegin.o

.rodata         0x08008928      0xb30
                0x08008928                . = ALIGN (0x8)
 *(.rodata)
 .rodata        0x08008928       0x68 Drivers\BSP\Components\lsm6dsl\lsm6dsl.o
 .rodata        0x08008990       0x48 Drivers\CMSIS\system_stm32l4xx.o
                0x08008990                MSIRangeTable
                0x080089c0                AHBPrescTable
                0x080089d0                APBPrescTable
 .rodata        0x080089d8       0x11 Drivers\STM32L4xx_HAL_Driver\stm32l4xx_hal_uart.o
 *(.rodata*)
 .rodata.str1.1
                0x080089e9      0x253 Application\User\main.o
 .rodata.str1.1
                0x08008c3c      0x437 Application\User\vl53l0x\vl53l0x_api_strings.o
                                0x453 (size before relaxing)
 .rodata.str1.1
                0x08009073      0x122 Application\User\vl53l0x\vl53l0x_tof.o
 *fill*         0x08009195        0x3 
 .rodata._global_impure_ptr
                0x08009198        0x4 c:/program files (x86)/atollic/truestudio for stm32 9.2.0/armtools/bin/../lib/gcc/arm-atollic-eabi/6.3.1/../../../../arm-atollic-eabi/lib/armv7e-m/fpu\libc_nano.a(lib_a-impure.o)
                0x08009198                _global_impure_ptr
 .rodata._printf_float.str1.1
                0x0800919c       0x10 c:/program files (x86)/atollic/truestudio for stm32 9.2.0/armtools/bin/../lib/gcc/arm-atollic-eabi/6.3.1/../../../../arm-atollic-eabi/lib/armv7e-m/fpu\libc_nano.a(lib_a-nano-vfprintf_float.o)
                                 0x12 (size before relaxing)
 .rodata._printf_i.str1.1
                0x080091ac       0x22 c:/program files (x86)/atollic/truestudio for stm32 9.2.0/armtools/bin/../lib/gcc/arm-atollic-eabi/6.3.1/../../../../arm-atollic-eabi/lib/armv7e-m/fpu\libc_nano.a(lib_a-nano-vfprintf_i.o)
 .rodata._dtoa_r.str1.1
                0x080091ce        0xd c:/program files (x86)/atollic/truestudio for stm32 9.2.0/armtools/bin/../lib/gcc/arm-atollic-eabi/6.3.1/../../../../arm-atollic-eabi/lib/armv7e-m/fpu\libc_nano.a(lib_a-dtoa.o)
                                  0xf (size before relaxing)
 *fill*         0x080091db        0x1 
 .rodata.__sf_fake_stderr
                0x080091dc       0x20 c:/program files (x86)/atollic/truestudio for stm32 9.2.0/armtools/bin/../lib/gcc/arm-atollic-eabi/6.3.1/../../../../arm-atollic-eabi/lib/armv7e-m/fpu\libc_nano.a(lib_a-findfp.o)
                0x080091dc                __sf_fake_stderr
 .rodata.__sf_fake_stdin
                0x080091fc       0x20 c:/program files (x86)/atollic/truestudio for stm32 9.2.0/armtools/bin/../lib/gcc/arm-atollic-eabi/6.3.1/../../../../arm-atollic-eabi/lib/armv7e-m/fpu\libc_nano.a(lib_a-findfp.o)
                0x080091fc                __sf_fake_stdin
 .rodata.__sf_fake_stdout
                0x0800921c       0x20 c:/program files (x86)/atollic/truestudio for stm32 9.2.0/armtools/bin/../lib/gcc/arm-atollic-eabi/6.3.1/../../../../arm-atollic-eabi/lib/armv7e-m/fpu\libc_nano.a(lib_a-findfp.o)
                0x0800921c                __sf_fake_stdout
 *fill*         0x0800923c        0x4 
 .rodata.__mprec_bigtens
                0x08009240       0x28 c:/program files (x86)/atollic/truestudio for stm32 9.2.0/armtools/bin/../lib/gcc/arm-atollic-eabi/6.3.1/../../../../arm-atollic-eabi/lib/armv7e-m/fpu\libc_nano.a(lib_a-mprec.o)
                0x08009240                __mprec_bigtens
 .rodata.__mprec_tens
                0x08009268       0xc8 c:/program files (x86)/atollic/truestudio for stm32 9.2.0/armtools/bin/../lib/gcc/arm-atollic-eabi/6.3.1/../../../../arm-atollic-eabi/lib/armv7e-m/fpu\libc_nano.a(lib_a-mprec.o)
                0x08009268                __mprec_tens
 .rodata.p05.7175
                0x08009330        0xc c:/program files (x86)/atollic/truestudio for stm32 9.2.0/armtools/bin/../lib/gcc/arm-atollic-eabi/6.3.1/../../../../arm-atollic-eabi/lib/armv7e-m/fpu\libc_nano.a(lib_a-mprec.o)
 .rodata._vfprintf_r.str1.1
                0x0800933c       0x11 c:/program files (x86)/atollic/truestudio for stm32 9.2.0/armtools/bin/../lib/gcc/arm-atollic-eabi/6.3.1/../../../../arm-atollic-eabi/lib/armv7e-m/fpu\libc_nano.a(lib_a-nano-vfprintf.o)
 .rodata._setlocale_r.str1.1
                0x0800934d        0x6 c:/program files (x86)/atollic/truestudio for stm32 9.2.0/armtools/bin/../lib/gcc/arm-atollic-eabi/6.3.1/../../../../arm-atollic-eabi/lib/armv7e-m/fpu\libc_nano.a(lib_a-locale.o)
                                  0x9 (size before relaxing)
 .rodata.str1.1
                0x08009353        0x2 c:/program files (x86)/atollic/truestudio for stm32 9.2.0/armtools/bin/../lib/gcc/arm-atollic-eabi/6.3.1/../../../../arm-atollic-eabi/lib/armv7e-m/fpu\libc_nano.a(lib_a-locale.o)
 .rodata._ctype_
                0x08009355      0x101 c:/program files (x86)/atollic/truestudio for stm32 9.2.0/armtools/bin/../lib/gcc/arm-atollic-eabi/6.3.1/../../../../arm-atollic-eabi/lib/armv7e-m/fpu\libc_nano.a(lib_a-ctype_.o)
                0x08009355                _ctype_
                0x08009458                . = ALIGN (0x8)
 *fill*         0x08009456        0x2 

.ARM.extab      0x08009458        0x0
                0x08009458                . = ALIGN (0x8)
 *(.ARM.extab* .gnu.linkonce.armextab.*)
                0x08009458                . = ALIGN (0x8)

.ARM            0x08009458        0x8
                0x08009458                . = ALIGN (0x8)
                0x08009458                __exidx_start = .
 *(.ARM.exidx*)
 .ARM.exidx     0x08009458        0x8 c:/program files (x86)/atollic/truestudio for stm32 9.2.0/armtools/bin/../lib/gcc/arm-atollic-eabi/6.3.1/armv7e-m/fpu\libgcc.a(_udivmoddi4.o)
                0x08009460                __exidx_end = .
                0x08009460                . = ALIGN (0x8)

.rel.dyn        0x08009460        0x0
 .rel.iplt      0x08009460        0x0 c:/program files (x86)/atollic/truestudio for stm32 9.2.0/armtools/bin/../lib/gcc/arm-atollic-eabi/6.3.1/armv7e-m/fpu/crtbegin.o

.preinit_array  0x08009460        0x0
                0x08009460                . = ALIGN (0x8)
                0x08009460                PROVIDE (__preinit_array_start, .)
 *(.preinit_array*)
                0x08009460                PROVIDE (__preinit_array_end, .)
                0x08009460                . = ALIGN (0x8)

.init_array     0x08009460        0x8
                0x08009460                . = ALIGN (0x8)
                0x08009460                PROVIDE (__init_array_start, .)
 *(SORT(.init_array.*))
 *(.init_array*)
 .init_array    0x08009460        0x4 c:/program files (x86)/atollic/truestudio for stm32 9.2.0/armtools/bin/../lib/gcc/arm-atollic-eabi/6.3.1/armv7e-m/fpu/crtbegin.o
                0x08009464                PROVIDE (__init_array_end, .)
                0x08009468                . = ALIGN (0x8)
 *fill*         0x08009464        0x4 

.fini_array     0x08009468        0x8
                0x08009468                . = ALIGN (0x8)
                [!provide]                PROVIDE (__fini_array_start, .)
 *(SORT(.fini_array.*))
 *(.fini_array*)
 .fini_array    0x08009468        0x4 c:/program files (x86)/atollic/truestudio for stm32 9.2.0/armtools/bin/../lib/gcc/arm-atollic-eabi/6.3.1/armv7e-m/fpu/crtbegin.o
                [!provide]                PROVIDE (__fini_array_end, .)
                0x08009470                . = ALIGN (0x8)
 *fill*         0x0800946c        0x4 
                0x08009470                _sidata = LOADADDR (.data)

.data           0x20000000      0x700 load address 0x08009470
                0x20000000                . = ALIGN (0x8)
                0x20000000                _sdata = .
 *(.data)
 .data          0x20000000      0x188 Application\User\main.o
                0x20000000                Dev
 .data          0x20000188      0x2a9 Application\User\vl53l0x\vl53l0x_api.o
                0x20000188                InterruptThresholdSettings
                0x2000033e                DefaultTuningSettings
 *fill*         0x20000431        0x3 
 .data          0x20000434       0x10 Application\User\vl53l0x\vl53l0x_api_calibration.o
                0x20000434                refArrayQuadrants
 .data          0x20000444       0x14 Drivers\BSP\B-L475E-IOT01\stm32l475e_iot01.o
                0x20000444                GPIO_PORT
                0x20000448                BUTTON_PORT
                0x2000044c                COM_TX_PORT
                0x20000450                COM_RX_PORT
                0x20000454                COM_USART
 .data          0x20000458       0x1c Drivers\BSP\Components\hts221\hts221.o
                0x20000458                HTS221_T_Drv
                0x20000468                HTS221_H_Drv
 .data          0x20000474       0x34 Drivers\BSP\Components\lis3mdl\lis3mdl.o
                0x20000474                Lis3mdlMagDrv
 .data          0x200004a8       0x1c Drivers\BSP\Components\lps22hb\lps22hb.o
                0x200004a8                LPS22HB_T_Drv
                0x200004b8                LPS22HB_P_Drv
 .data          0x200004c4       0x68 Drivers\BSP\Components\lsm6dsl\lsm6dsl.o
                0x200004c4                Lsm6dslGyroDrv
                0x200004f8                Lsm6dslAccDrv
 .data          0x2000052c        0x4 Drivers\CMSIS\system_stm32l4xx.o
                0x2000052c                SystemCoreClock
 *(.data*)
 .data._impure_ptr
                0x20000530        0x4 c:/program files (x86)/atollic/truestudio for stm32 9.2.0/armtools/bin/../lib/gcc/arm-atollic-eabi/6.3.1/../../../../arm-atollic-eabi/lib/armv7e-m/fpu\libc_nano.a(lib_a-impure.o)
                0x20000530                _impure_ptr
 .data.impure_data
                0x20000534       0x60 c:/program files (x86)/atollic/truestudio for stm32 9.2.0/armtools/bin/../lib/gcc/arm-atollic-eabi/6.3.1/../../../../arm-atollic-eabi/lib/armv7e-m/fpu\libc_nano.a(lib_a-impure.o)
 .data.__global_locale
                0x20000594      0x16c c:/program files (x86)/atollic/truestudio for stm32 9.2.0/armtools/bin/../lib/gcc/arm-atollic-eabi/6.3.1/../../../../arm-atollic-eabi/lib/armv7e-m/fpu\libc_nano.a(lib_a-locale.o)
                0x20000594                __global_locale
                0x20000700                . = ALIGN (0x8)
                0x20000700                _edata = .

.igot.plt       0x20000700        0x0 load address 0x08009b70
 .igot.plt      0x20000700        0x0 c:/program files (x86)/atollic/truestudio for stm32 9.2.0/armtools/bin/../lib/gcc/arm-atollic-eabi/6.3.1/armv7e-m/fpu/crtbegin.o
                0x20000700                . = ALIGN (0x4)

.bss            0x20000700      0x150 load address 0x08009b70
                0x20000700                _sbss = .
                0x20000700                __bss_start__ = _sbss
 *(.bss)
 .bss           0x20000700       0x1c c:/program files (x86)/atollic/truestudio for stm32 9.2.0/armtools/bin/../lib/gcc/arm-atollic-eabi/6.3.1/armv7e-m/fpu/crtbegin.o
 .bss           0x2000071c        0x8 Application\SW4STM32\syscalls.o
                0x20000720                __env
 .bss           0x20000724        0x4 Drivers\BSP\B-L475E-IOT01\stm32l475e_iot01_accelero.o
 .bss           0x20000728        0x4 Drivers\BSP\B-L475E-IOT01\stm32l475e_iot01_gyro.o
 .bss           0x2000072c        0x4 Drivers\BSP\B-L475E-IOT01\stm32l475e_iot01_hsensor.o
 .bss           0x20000730        0x4 Drivers\BSP\B-L475E-IOT01\stm32l475e_iot01_magneto.o
 .bss           0x20000734        0x4 Drivers\BSP\B-L475E-IOT01\stm32l475e_iot01_psensor.o
 .bss           0x20000738        0x4 Drivers\BSP\B-L475E-IOT01\stm32l475e_iot01_tsensor.o
 *(.bss*)
 .bss.__malloc_free_list
                0x2000073c        0x4 c:/program files (x86)/atollic/truestudio for stm32 9.2.0/armtools/bin/../lib/gcc/arm-atollic-eabi/6.3.1/../../../../arm-atollic-eabi/lib/armv7e-m/fpu\libc_nano.a(lib_a-nano-mallocr.o)
                0x2000073c                __malloc_free_list
 .bss.__malloc_sbrk_start
                0x20000740        0x4 c:/program files (x86)/atollic/truestudio for stm32 9.2.0/armtools/bin/../lib/gcc/arm-atollic-eabi/6.3.1/../../../../arm-atollic-eabi/lib/armv7e-m/fpu\libc_nano.a(lib_a-nano-mallocr.o)
                0x20000740                __malloc_sbrk_start
 *(COMMON)
 COMMON         0x20000744       0x40 Application\User\vl53l0x\vl53l0x_tof.o
                0x20000744                _I2CBuffer
 COMMON         0x20000784       0xc4 Drivers\BSP\B-L475E-IOT01\stm32l475e_iot01.o
                0x20000784                hDiscoUart
                0x200007fc                hI2cHandler
 COMMON         0x20000848        0x4 Drivers\STM32L4xx_HAL_Driver\stm32l4xx_hal.o
                0x20000848                uwTick
 COMMON         0x2000084c        0x4 c:/program files (x86)/atollic/truestudio for stm32 9.2.0/armtools/bin/../lib/gcc/arm-atollic-eabi/6.3.1/../../../../arm-atollic-eabi/lib/armv7e-m/fpu\libc_nano.a(lib_a-reent.o)
                0x2000084c                errno
                0x20000850                . = ALIGN (0x4)
                0x20000850                _ebss = .
                0x20000850                __bss_end__ = _ebss

._user_heap_stack
                0x20000850    0x17000 load address 0x08009b70
                0x20000850                . = ALIGN (0x8)
                0x20000850                PROVIDE (end, .)
                [!provide]                PROVIDE (_end, .)
                0x20010850                . = (. + _Min_Heap_Size)
 *fill*         0x20000850    0x10000 
                0x20017850                . = (. + _Min_Stack_Size)
 *fill*         0x20010850     0x7000 
                0x20017850                . = ALIGN (0x8)

/DISCARD/
 libc.a(*)
 libm.a(*)
 libgcc.a(*)

.ARM.attributes
                0x00000000       0x30
 *(.ARM.attributes)
 .ARM.attributes
                0x00000000       0x22 c:/program files (x86)/atollic/truestudio for stm32 9.2.0/armtools/bin/../lib/gcc/arm-atollic-eabi/6.3.1/armv7e-m/fpu/crti.o
 .ARM.attributes
                0x00000022       0x34 c:/program files (x86)/atollic/truestudio for stm32 9.2.0/armtools/bin/../lib/gcc/arm-atollic-eabi/6.3.1/armv7e-m/fpu/crtbegin.o
 .ARM.attributes
                0x00000056       0x21 Application\SW4STM32\startup_stm32l475xx.o
 .ARM.attributes
                0x00000077       0x39 Application\SW4STM32\syscalls.o
 .ARM.attributes
                0x000000b0       0x39 Application\User\main.o
 .ARM.attributes
                0x000000e9       0x39 Application\User\stm32l4xx_it.o
 .ARM.attributes
                0x00000122       0x39 Application\User\vl53l0x\vl53l0x_api.o
 .ARM.attributes
                0x0000015b       0x39 Application\User\vl53l0x\vl53l0x_api_calibration.o
 .ARM.attributes
                0x00000194       0x39 Application\User\vl53l0x\vl53l0x_api_core.o
 .ARM.attributes
                0x000001cd       0x39 Application\User\vl53l0x\vl53l0x_api_strings.o
 .ARM.attributes
                0x00000206       0x39 Application\User\vl53l0x\vl53l0x_tof.o
 .ARM.attributes
                0x0000023f       0x39 Drivers\BSP\B-L475E-IOT01\stm32l475e_iot01.o
 .ARM.attributes
                0x00000278       0x39 Drivers\BSP\B-L475E-IOT01\stm32l475e_iot01_accelero.o
 .ARM.attributes
                0x000002b1       0x39 Drivers\BSP\B-L475E-IOT01\stm32l475e_iot01_gyro.o
 .ARM.attributes
                0x000002ea       0x39 Drivers\BSP\B-L475E-IOT01\stm32l475e_iot01_hsensor.o
 .ARM.attributes
                0x00000323       0x39 Drivers\BSP\B-L475E-IOT01\stm32l475e_iot01_magneto.o
 .ARM.attributes
                0x0000035c       0x39 Drivers\BSP\B-L475E-IOT01\stm32l475e_iot01_psensor.o
 .ARM.attributes
                0x00000395       0x39 Drivers\BSP\B-L475E-IOT01\stm32l475e_iot01_tsensor.o
 .ARM.attributes
                0x000003ce       0x39 Drivers\BSP\Components\hts221\hts221.o
 .ARM.attributes
                0x00000407       0x39 Drivers\BSP\Components\lis3mdl\lis3mdl.o
 .ARM.attributes
                0x00000440       0x39 Drivers\BSP\Components\lps22hb\lps22hb.o
 .ARM.attributes
                0x00000479       0x39 Drivers\BSP\Components\lsm6dsl\lsm6dsl.o
 .ARM.attributes
                0x000004b2       0x39 Drivers\CMSIS\system_stm32l4xx.o
 .ARM.attributes
                0x000004eb       0x39 Drivers\STM32L4xx_HAL_Driver\stm32l4xx_hal.o
 .ARM.attributes
                0x00000524       0x39 Drivers\STM32L4xx_HAL_Driver\stm32l4xx_hal_cortex.o
 .ARM.attributes
                0x0000055d       0x39 Drivers\STM32L4xx_HAL_Driver\stm32l4xx_hal_gpio.o
 .ARM.attributes
                0x00000596       0x39 Drivers\STM32L4xx_HAL_Driver\stm32l4xx_hal_i2c.o
 .ARM.attributes
                0x000005cf       0x39 Drivers\STM32L4xx_HAL_Driver\stm32l4xx_hal_i2c_ex.o
 .ARM.attributes
                0x00000608       0x39 Drivers\STM32L4xx_HAL_Driver\stm32l4xx_hal_pwr_ex.o
 .ARM.attributes
                0x00000641       0x39 Drivers\STM32L4xx_HAL_Driver\stm32l4xx_hal_rcc.o
 .ARM.attributes
                0x0000067a       0x39 Drivers\STM32L4xx_HAL_Driver\stm32l4xx_hal_uart.o
 .ARM.attributes
                0x000006b3       0x34 c:/program files (x86)/atollic/truestudio for stm32 9.2.0/armtools/bin/../lib/gcc/arm-atollic-eabi/6.3.1/../../../../arm-atollic-eabi/lib/armv7e-m/fpu\libc_nano.a(lib_a-errno.o)
 .ARM.attributes
                0x000006e7       0x34 c:/program files (x86)/atollic/truestudio for stm32 9.2.0/armtools/bin/../lib/gcc/arm-atollic-eabi/6.3.1/../../../../arm-atollic-eabi/lib/armv7e-m/fpu\libc_nano.a(lib_a-impure.o)
 .ARM.attributes
                0x0000071b       0x34 c:/program files (x86)/atollic/truestudio for stm32 9.2.0/armtools/bin/../lib/gcc/arm-atollic-eabi/6.3.1/../../../../arm-atollic-eabi/lib/armv7e-m/fpu\libc_nano.a(lib_a-init.o)
 .ARM.attributes
                0x0000074f       0x34 c:/program files (x86)/atollic/truestudio for stm32 9.2.0/armtools/bin/../lib/gcc/arm-atollic-eabi/6.3.1/../../../../arm-atollic-eabi/lib/armv7e-m/fpu\libc_nano.a(lib_a-memcpy-stub.o)
 .ARM.attributes
                0x00000783       0x34 c:/program files (x86)/atollic/truestudio for stm32 9.2.0/armtools/bin/../lib/gcc/arm-atollic-eabi/6.3.1/../../../../arm-atollic-eabi/lib/armv7e-m/fpu\libc_nano.a(lib_a-memset.o)
 .ARM.attributes
                0x000007b7       0x34 c:/program files (x86)/atollic/truestudio for stm32 9.2.0/armtools/bin/../lib/gcc/arm-atollic-eabi/6.3.1/../../../../arm-atollic-eabi/lib/armv7e-m/fpu\libc_nano.a(lib_a-nano-vfprintf_float.o)
 .ARM.attributes
                0x000007eb       0x34 c:/program files (x86)/atollic/truestudio for stm32 9.2.0/armtools/bin/../lib/gcc/arm-atollic-eabi/6.3.1/../../../../arm-atollic-eabi/lib/armv7e-m/fpu\libc_nano.a(lib_a-nano-vfprintf_i.o)
 .ARM.attributes
                0x0000081f       0x34 c:/program files (x86)/atollic/truestudio for stm32 9.2.0/armtools/bin/../lib/gcc/arm-atollic-eabi/6.3.1/../../../../arm-atollic-eabi/lib/armv7e-m/fpu\libc_nano.a(lib_a-printf.o)
 .ARM.attributes
                0x00000853       0x34 c:/program files (x86)/atollic/truestudio for stm32 9.2.0/armtools/bin/../lib/gcc/arm-atollic-eabi/6.3.1/../../../../arm-atollic-eabi/lib/armv7e-m/fpu\libc_nano.a(lib_a-puts.o)
 .ARM.attributes
                0x00000887       0x34 c:/program files (x86)/atollic/truestudio for stm32 9.2.0/armtools/bin/../lib/gcc/arm-atollic-eabi/6.3.1/../../../../arm-atollic-eabi/lib/armv7e-m/fpu\libc_nano.a(lib_a-rget.o)
 .ARM.attributes
                0x000008bb       0x34 c:/program files (x86)/atollic/truestudio for stm32 9.2.0/armtools/bin/../lib/gcc/arm-atollic-eabi/6.3.1/../../../../arm-atollic-eabi/lib/armv7e-m/fpu\libc_nano.a(lib_a-strcpy.o)
 .ARM.attributes
                0x000008ef       0x1b c:/program files (x86)/atollic/truestudio for stm32 9.2.0/armtools/bin/../lib/gcc/arm-atollic-eabi/6.3.1/../../../../arm-atollic-eabi/lib/armv7e-m/fpu\libc_nano.a(lib_a-strlen.o)
 .ARM.attributes
                0x0000090a       0x34 c:/program files (x86)/atollic/truestudio for stm32 9.2.0/armtools/bin/../lib/gcc/arm-atollic-eabi/6.3.1/../../../../arm-atollic-eabi/lib/armv7e-m/fpu\libc_nano.a(lib_a-wbuf.o)
 .ARM.attributes
                0x0000093e       0x34 c:/program files (x86)/atollic/truestudio for stm32 9.2.0/armtools/bin/../lib/gcc/arm-atollic-eabi/6.3.1/../../../../arm-atollic-eabi/lib/armv7e-m/fpu\libc_nano.a(lib_a-wsetup.o)
 .ARM.attributes
                0x00000972       0x34 c:/program files (x86)/atollic/truestudio for stm32 9.2.0/armtools/bin/../lib/gcc/arm-atollic-eabi/6.3.1/../../../../arm-atollic-eabi/lib/armv7e-m/fpu\libc_nano.a(lib_a-dtoa.o)
 .ARM.attributes
                0x000009a6       0x34 c:/program files (x86)/atollic/truestudio for stm32 9.2.0/armtools/bin/../lib/gcc/arm-atollic-eabi/6.3.1/../../../../arm-atollic-eabi/lib/armv7e-m/fpu\libc_nano.a(lib_a-fflush.o)
 .ARM.attributes
                0x000009da       0x34 c:/program files (x86)/atollic/truestudio for stm32 9.2.0/armtools/bin/../lib/gcc/arm-atollic-eabi/6.3.1/../../../../arm-atollic-eabi/lib/armv7e-m/fpu\libc_nano.a(lib_a-findfp.o)
 .ARM.attributes
                0x00000a0e       0x34 c:/program files (x86)/atollic/truestudio for stm32 9.2.0/armtools/bin/../lib/gcc/arm-atollic-eabi/6.3.1/../../../../arm-atollic-eabi/lib/armv7e-m/fpu\libc_nano.a(lib_a-fwalk.o)
 .ARM.attributes
                0x00000a42       0x34 c:/program files (x86)/atollic/truestudio for stm32 9.2.0/armtools/bin/../lib/gcc/arm-atollic-eabi/6.3.1/../../../../arm-atollic-eabi/lib/armv7e-m/fpu\libc_nano.a(lib_a-localeconv.o)
 .ARM.attributes
                0x00000a76       0x34 c:/program files (x86)/atollic/truestudio for stm32 9.2.0/armtools/bin/../lib/gcc/arm-atollic-eabi/6.3.1/../../../../arm-atollic-eabi/lib/armv7e-m/fpu\libc_nano.a(lib_a-makebuf.o)
 .ARM.attributes
                0x00000aaa       0x34 c:/program files (x86)/atollic/truestudio for stm32 9.2.0/armtools/bin/../lib/gcc/arm-atollic-eabi/6.3.1/../../../../arm-atollic-eabi/lib/armv7e-m/fpu\libc_nano.a(lib_a-malloc.o)
 .ARM.attributes
                0x00000ade       0x20 c:/program files (x86)/atollic/truestudio for stm32 9.2.0/armtools/bin/../lib/gcc/arm-atollic-eabi/6.3.1/../../../../arm-atollic-eabi/lib/armv7e-m/fpu\libc_nano.a(lib_a-memchr.o)
 .ARM.attributes
                0x00000afe       0x34 c:/program files (x86)/atollic/truestudio for stm32 9.2.0/armtools/bin/../lib/gcc/arm-atollic-eabi/6.3.1/../../../../arm-atollic-eabi/lib/armv7e-m/fpu\libc_nano.a(lib_a-mprec.o)
 .ARM.attributes
                0x00000b32       0x34 c:/program files (x86)/atollic/truestudio for stm32 9.2.0/armtools/bin/../lib/gcc/arm-atollic-eabi/6.3.1/../../../../arm-atollic-eabi/lib/armv7e-m/fpu\libc_nano.a(lib_a-nano-callocr.o)
 .ARM.attributes
                0x00000b66       0x34 c:/program files (x86)/atollic/truestudio for stm32 9.2.0/armtools/bin/../lib/gcc/arm-atollic-eabi/6.3.1/../../../../arm-atollic-eabi/lib/armv7e-m/fpu\libc_nano.a(lib_a-nano-freer.o)
 .ARM.attributes
                0x00000b9a       0x34 c:/program files (x86)/atollic/truestudio for stm32 9.2.0/armtools/bin/../lib/gcc/arm-atollic-eabi/6.3.1/../../../../arm-atollic-eabi/lib/armv7e-m/fpu\libc_nano.a(lib_a-nano-mallocr.o)
 .ARM.attributes
                0x00000bce       0x34 c:/program files (x86)/atollic/truestudio for stm32 9.2.0/armtools/bin/../lib/gcc/arm-atollic-eabi/6.3.1/../../../../arm-atollic-eabi/lib/armv7e-m/fpu\libc_nano.a(lib_a-nano-vfprintf.o)
 .ARM.attributes
                0x00000c02       0x34 c:/program files (x86)/atollic/truestudio for stm32 9.2.0/armtools/bin/../lib/gcc/arm-atollic-eabi/6.3.1/../../../../arm-atollic-eabi/lib/armv7e-m/fpu\libc_nano.a(lib_a-refill.o)
 .ARM.attributes
                0x00000c36       0x34 c:/program files (x86)/atollic/truestudio for stm32 9.2.0/armtools/bin/../lib/gcc/arm-atollic-eabi/6.3.1/../../../../arm-atollic-eabi/lib/armv7e-m/fpu\libc_nano.a(lib_a-sbrkr.o)
 .ARM.attributes
                0x00000c6a       0x34 c:/program files (x86)/atollic/truestudio for stm32 9.2.0/armtools/bin/../lib/gcc/arm-atollic-eabi/6.3.1/../../../../arm-atollic-eabi/lib/armv7e-m/fpu\libc_nano.a(lib_a-stdio.o)
 .ARM.attributes
                0x00000c9e       0x34 c:/program files (x86)/atollic/truestudio for stm32 9.2.0/armtools/bin/../lib/gcc/arm-atollic-eabi/6.3.1/../../../../arm-atollic-eabi/lib/armv7e-m/fpu\libc_nano.a(lib_a-writer.o)
 .ARM.attributes
                0x00000cd2       0x34 c:/program files (x86)/atollic/truestudio for stm32 9.2.0/armtools/bin/../lib/gcc/arm-atollic-eabi/6.3.1/../../../../arm-atollic-eabi/lib/armv7e-m/fpu\libc_nano.a(lib_a-closer.o)
 .ARM.attributes
                0x00000d06       0x34 c:/program files (x86)/atollic/truestudio for stm32 9.2.0/armtools/bin/../lib/gcc/arm-atollic-eabi/6.3.1/../../../../arm-atollic-eabi/lib/armv7e-m/fpu\libc_nano.a(lib_a-fstatr.o)
 .ARM.attributes
                0x00000d3a       0x34 c:/program files (x86)/atollic/truestudio for stm32 9.2.0/armtools/bin/../lib/gcc/arm-atollic-eabi/6.3.1/../../../../arm-atollic-eabi/lib/armv7e-m/fpu\libc_nano.a(lib_a-isattyr.o)
 .ARM.attributes
                0x00000d6e       0x34 c:/program files (x86)/atollic/truestudio for stm32 9.2.0/armtools/bin/../lib/gcc/arm-atollic-eabi/6.3.1/../../../../arm-atollic-eabi/lib/armv7e-m/fpu\libc_nano.a(lib_a-locale.o)
 .ARM.attributes
                0x00000da2       0x34 c:/program files (x86)/atollic/truestudio for stm32 9.2.0/armtools/bin/../lib/gcc/arm-atollic-eabi/6.3.1/../../../../arm-atollic-eabi/lib/armv7e-m/fpu\libc_nano.a(lib_a-lseekr.o)
 .ARM.attributes